2026-08-13 05:48:50.158: [INFO] CurrentProfilePath: C:\Users\SUJAN\Documents\Placements\Icanio\.metadata\.plugins\org.eclipse.swt\EBWebView\Default
2026-08-13 05:48:50.158: [INFO] Profiles total count: 1
2026-08-13 05:48:50.158: [INFO] Profile: name=Profile 1 path=C:\Users\SUJAN\Documents\Placements\Icanio\.metadata\.plugins\org.eclipse.swt\EBWebView\Default lastActive=null
2026-08-13 05:48:50.158: [INFO] LastUsedProfileDir: C:\Users\SUJAN\Documents\Placements\Icanio\.metadata\.plugins\org.eclipse.swt\EBWebView\Default
2026-08-13 05:48:50.158: [INFO] OnDoneLoading sync enabled: 0
2026-08-13 05:48:50.158: [INFO] BookmarkModelLoaded, ids_reassigned: 0
2026-08-13 05:48:50.158: [INFO] BookmarksLoadDropped droppedNodes=0
2026-08-13 05:48:50.158: [INFO] BookmarksSnapshot Startup total=0 bar=0 other=0 mobile=0 showBar=0 showBarNTP=1
2026-08-13 05:48:54.496: [INFO] BookmarksSnapshot Shutdown total=0 bar=0 other=0 mobile=0 showBar=0 showBarNTP=1
2026-08-13 05:49:00.172: [INFO] CurrentProfilePath: C:\Users\SUJAN\Documents\Placements\Icanio\.metadata\.plugins\org.eclipse.swt\EBWebView\Default
2026-08-13 05:49:00.172: [INFO] Profiles total count: 1
2026-08-13 05:49:00.172: [INFO] Profile: name=Profile 1 path=C:\Users\SUJAN\Documents\Placements\Icanio\.metadata\.plugins\org.eclipse.swt\EBWebView\Default lastActive=2026-08-13T05:48:52.443Z
2026-08-13 05:49:00.172: [INFO] LastUsedProfileDir: C:\Users\SUJAN\Documents\Placements\Icanio\.metadata\.plugins\org.eclipse.swt\EBWebView\Default
2026-08-13 05:49:00.172: [INFO] MostRecentlyActiveProfile: name=Profile 1 path=C:\Users\SUJAN\Documents\Placements\Icanio\.metadata\.plugins\org.eclipse.swt\EBWebView\Default lastActive=2026-08-13T05:48:52.443Z
2026-08-13 05:49:00.172: [INFO] OnDoneLoading sync enabled: 0
2026-08-13 05:49:00.172: [INFO] BookmarkModelLoaded, ids_reassigned: 0
2026-08-13 05:49:00.172: [INFO] BookmarksLoadDropped droppedNodes=0
2026-08-13 05:49:00.172: [INFO] BookmarksSnapshot Startup total=0 bar=0 other=0 mobile=0 showBar=0 showBarNTP=1
2026-08-13 05:49:11.332: [INFO] BookmarksSnapshot Shutdown total=0 bar=0 other=0 mobile=0 showBar=0 showBarNTP=1
2026-08-13 05:53:25.958: [INFO] CurrentProfilePath: C:\Users\SUJAN\Documents\Placements\Icanio\.metadata\.plugins\org.eclipse.swt\EBWebView\Default
2026-08-13 05:53:25.958: [INFO] Profiles total count: 1
2026-08-13 05:53:25.958: [INFO] Profile: name=Profile 1 path=C:\Users\SUJAN\Documents\Placements\Icanio\.metadata\.plugins\org.eclipse.swt\EBWebView\Default lastActive=2026-08-13T05:48:52.443Z
2026-08-13 05:53:25.958: [INFO] LastUsedProfileDir: C:\Users\SUJAN\Documents\Placements\Icanio\.metadata\.plugins\org.eclipse.swt\EBWebView\Default
2026-08-13 05:53:25.958: [INFO] MostRecentlyActiveProfile: name=Profile 1 path=C:\Users\SUJAN\Documents\Placements\Icanio\.metadata\.plugins\org.eclipse.swt\EBWebView\Default lastActive=2026-08-13T05:48:52.443Z
2026-08-13 05:53:25.958: [INFO] OnDoneLoading sync enabled: 0
2026-08-13 05:53:25.958: [INFO] BookmarkModelLoaded, ids_reassigned: 0
2026-08-13 05:53:25.958: [INFO] BookmarksLoadDropped droppedNodes=0
2026-08-13 05:53:25.958: [INFO] BookmarksSnapshot Startup total=0 bar=0 other=0 mobile=0 showBar=0 showBarNTP=1
2026-08-13 05:53:32.945: [INFO] BookmarksSnapshot Shutdown total=0 bar=0 other=0 mobile=0 showBar=0 showBarNTP=1
2026-08-13 05:54:45.296: [INFO] CurrentProfilePath: C:\Users\SUJAN\Documents\Placements\Icanio\.metadata\.plugins\org.eclipse.swt\EBWebView\Default
2026-08-13 05:54:45.296: [INFO] Profiles total count: 1
2026-08-13 05:54:45.297: [INFO] Profile: name=Profile 1 path=C:\Users\SUJAN\Documents\Placements\Icanio\.metadata\.plugins\org.eclipse.swt\EBWebView\Default lastActive=2026-08-13T05:48:52.443Z
2026-08-13 05:54:45.297: [INFO] LastUsedProfileDir: C:\Users\SUJAN\Documents\Placements\Icanio\.metadata\.plugins\org.eclipse.swt\EBWebView\Default
2026-08-13 05:54:45.297: [INFO] MostRecentlyActiveProfile: name=Profile 1 path=C:\Users\SUJAN\Documents\Placements\Icanio\.metadata\.plugins\org.eclipse.swt\EBWebView\Default lastActive=2026-08-13T05:48:52.443Z
2026-08-13 05:54:45.297: [INFO] OnDoneLoading sync enabled: 0
2026-08-13 05:54:45.297: [INFO] BookmarkModelLoaded, ids_reassigned: 0
2026-08-13 05:54:45.297: [INFO] BookmarksLoadDropped droppedNodes=0
2026-08-13 05:54:45.297: [INFO] BookmarksSnapshot Startup total=0 bar=0 other=0 mobile=0 showBar=0 showBarNTP=1
2026-08-13 05:54:45.394: [INFO] BookmarksSnapshot Shutdown total=0 bar=0 other=0 mobile=0 showBar=0 showBarNTP=1
2026-08-13 05:58:57.144: [INFO] CurrentProfilePath: C:\Users\SUJAN\Documents\Placements\Icanio\.metadata\.plugins\org.eclipse.swt\EBWebView\Default
2026-08-13 05:58:57.144: [INFO] Profiles total count: 1
2026-08-13 05:58:57.145: [INFO] Profile: name=Profile 1 path=C:\Users\SUJAN\Documents\Placements\Icanio\.metadata\.plugins\org.eclipse.swt\EBWebView\Default lastActive=2026-08-13T05:48:52.443Z
2026-08-13 05:58:57.145: [INFO] LastUsedProfileDir: C:\Users\SUJAN\Documents\Placements\Icanio\.metadata\.plugins\org.eclipse.swt\EBWebView\Default
2026-08-13 05:58:57.145: [INFO] MostRecentlyActiveProfile: name=Profile 1 path=C:\Users\SUJAN\Documents\Placements\Icanio\.metadata\.plugins\org.eclipse.swt\EBWebView\Default lastActive=2026-08-13T05:48:52.443Z
2026-08-13 05:58:57.145: [INFO] OnDoneLoading sync enabled: 0
2026-08-13 05:58:57.145: [INFO] BookmarkModelLoaded, ids_reassigned: 0
2026-08-13 05:58:57.145: [INFO] BookmarksLoadDropped droppedNodes=0
2026-08-13 05:58:57.145: [INFO] BookmarksSnapshot Startup total=0 bar=0 other=0 mobile=0 showBar=0 showBarNTP=1
2026-08-13 05:58:57.255: [INFO] BookmarksSnapshot Shutdown total=0 bar=0 other=0 mobile=0 showBar=0 showBarNTP=1
2026-08-13 06:01:00.640: [INFO] CurrentProfilePath: C:\Users\SUJAN\Documents\Placements\Icanio\.metadata\.plugins\org.eclipse.swt\EBWebView\Default
2026-08-13 06:01:00.640: [INFO] Profiles total count: 1
2026-08-13 06:01:00.641: [INFO] Profile: name=Profile 1 path=C:\Users\SUJAN\Documents\Placements\Icanio\.metadata\.plugins\org.eclipse.swt\EBWebView\Default lastActive=2026-08-13T05:48:52.443Z
2026-08-13 06:01:00.641: [INFO] LastUsedProfileDir: C:\Users\SUJAN\Documents\Placements\Icanio\.metadata\.plugins\org.eclipse.swt\EBWebView\Default
2026-08-13 06:01:00.641: [INFO] MostRecentlyActiveProfile: name=Profile 1 path=C:\Users\SUJAN\Documents\Placements\Icanio\.metadata\.plugins\org.eclipse.swt\EBWebView\Default lastActive=2026-08-13T05:48:52.443Z
2026-08-13 06:01:00.641: [INFO] OnDoneLoading sync enabled: 0
2026-08-13 06:01:00.641: [INFO] BookmarkModelLoaded, ids_reassigned: 0
2026-08-13 06:01:00.641: [INFO] BookmarksLoadDropped droppedNodes=0
2026-08-13 06:01:00.641: [INFO] BookmarksSnapshot Startup total=0 bar=0 other=0 mobile=0 showBar=0 showBarNTP=1
2026-08-13 06:01:26.448: [INFO] BookmarksSnapshot Shutdown total=0 bar=0 other=0 mobile=0 showBar=0 showBarNTP=1
2026-08-13 06:02:27.831: [INFO] CurrentProfilePath: C:\Users\SUJAN\Documents\Placements\Icanio\.metadata\.plugins\org.eclipse.swt\EBWebView\Default
2026-08-13 06:02:27.831: [INFO] Profiles total count: 1
2026-08-13 06:02:27.831: [INFO] Profile: name=Profile 1 path=C:\Users\SUJAN\Documents\Placements\Icanio\.metadata\.plugins\org.eclipse.swt\EBWebView\Default lastActive=2026-08-13T05:48:52.443Z
2026-08-13 06:02:27.831: [INFO] LastUsedProfileDir: C:\Users\SUJAN\Documents\Placements\Icanio\.metadata\.plugins\org.eclipse.swt\EBWebView\Default
2026-08-13 06:02:27.831: [INFO] MostRecentlyActiveProfile: name=Profile 1 path=C:\Users\SUJAN\Documents\Placements\Icanio\.metadata\.plugins\org.eclipse.swt\EBWebView\Default lastActive=2026-08-13T05:48:52.443Z
2026-08-13 06:02:27.831: [INFO] OnDoneLoading sync enabled: 0
2026-08-13 06:02:27.831: [INFO] BookmarkModelLoaded, ids_reassigned: 0
2026-08-13 06:02:27.831: [INFO] BookmarksLoadDropped droppedNodes=0
2026-08-13 06:02:27.831: [INFO] BookmarksSnapshot Startup total=0 bar=0 other=0 mobile=0 showBar=0 showBarNTP=1
2026-08-13 06:03:11.168: [INFO] BookmarksSnapshot Shutdown total=0 bar=0 other=0 mobile=0 showBar=0 showBarNTP=1
2026-08-13 06:04:52.621: [INFO] CurrentProfilePath: C:\Users\SUJAN\Documents\Placements\Icanio\.metadata\.plugins\org.eclipse.swt\EBWebView\Default
2026-08-13 06:04:52.621: [INFO] Profiles total count: 1
2026-08-13 06:04:52.622: [INFO] Profile: name=Profile 1 path=C:\Users\SUJAN\Documents\Placements\Icanio\.metadata\.plugins\org.eclipse.swt\EBWebView\Default lastActive=2026-08-13T05:48:52.443Z
2026-08-13 06:04:52.622: [INFO] LastUsedProfileDir: C:\Users\SUJAN\Documents\Placements\Icanio\.metadata\.plugins\org.eclipse.swt\EBWebView\Default
2026-08-13 06:04:52.622: [INFO] MostRecentlyActiveProfile: name=Profile 1 path=C:\Users\SUJAN\Documents\Placements\Icanio\.metadata\.plugins\org.eclipse.swt\EBWebView\Default lastActive=2026-08-13T05:48:52.443Z
2026-08-13 06:04:52.622: [INFO] OnDoneLoading sync enabled: 0
2026-08-13 06:04:52.622: [INFO] BookmarkModelLoaded, ids_reassigned: 0
2026-08-13 06:04:52.622: [INFO] BookmarksLoadDropped droppedNodes=0
2026-08-13 06:04:52.622: [INFO] BookmarksSnapshot Startup total=0 bar=0 other=0 mobile=0 showBar=0 showBarNTP=1
2026-08-13 06:05:12.997: [INFO] BookmarksSnapshot Shutdown total=0 bar=0 other=0 mobile=0 showBar=0 showBarNTP=1
2026-08-13 06:06:25.468: [INFO] CurrentProfilePath: C:\Users\SUJAN\Documents\Placements\Icanio\.metadata\.plugins\org.eclipse.swt\EBWebView\Default
2026-08-13 06:06:25.468: [INFO] Profiles total count: 1
2026-08-13 06:06:25.468: [INFO] Profile: name=Profile 1 path=C:\Users\SUJAN\Documents\Placements\Icanio\.metadata\.plugins\org.eclipse.swt\EBWebView\Default lastActive=2026-08-13T05:48:52.443Z
2026-08-13 06:06:25.468: [INFO] LastUsedProfileDir: C:\Users\SUJAN\Documents\Placements\Icanio\.metadata\.plugins\org.eclipse.swt\EBWebView\Default
2026-08-13 06:06:25.468: [INFO] MostRecentlyActiveProfile: name=Profile 1 path=C:\Users\SUJAN\Documents\Placements\Icanio\.metadata\.plugins\org.eclipse.swt\EBWebView\Default lastActive=2026-08-13T05:48:52.443Z
2026-08-13 06:06:25.468: [INFO] OnDoneLoading sync enabled: 0
2026-08-13 06:06:25.468: [INFO] BookmarkModelLoaded, ids_reassigned: 0
2026-08-13 06:06:25.468: [INFO] BookmarksLoadDropped droppedNodes=0
2026-08-13 06:06:25.468: [INFO] BookmarksSnapshot Startup total=0 bar=0 other=0 mobile=0 showBar=0 showBarNTP=1
2026-08-13 06:07:13.376: [INFO] BookmarksSnapshot Shutdown total=0 bar=0 other=0 mobile=0 showBar=0 showBarNTP=1
2026-08-13 06:07:37.570: [INFO] CurrentProfilePath: C:\Users\SUJAN\Documents\Placements\Icanio\.metadata\.plugins\org.eclipse.swt\EBWebView\Default
2026-08-13 06:07:37.570: [INFO] Profiles total count: 1
2026-08-13 06:07:37.570: [INFO] Profile: name=Profile 1 path=C:\Users\SUJAN\Documents\Placements\Icanio\.metadata\.plugins\org.eclipse.swt\EBWebView\Default lastActive=2026-08-13T05:48:52.443Z
2026-08-13 06:07:37.570: [INFO] LastUsedProfileDir: C:\Users\SUJAN\Documents\Placements\Icanio\.metadata\.plugins\org.eclipse.swt\EBWebView\Default
2026-08-13 06:07:37.570: [INFO] MostRecentlyActiveProfile: name=Profile 1 path=C:\Users\SUJAN\Documents\Placements\Icanio\.metadata\.plugins\org.eclipse.swt\EBWebView\Default lastActive=2026-08-13T05:48:52.443Z
2026-08-13 06:07:37.570: [INFO] OnDoneLoading sync enabled: 0
2026-08-13 06:07:37.570: [INFO] BookmarkModelLoaded, ids_reassigned: 0
2026-08-13 06:07:37.570: [INFO] BookmarksLoadDropped droppedNodes=0
2026-08-13 06:07:37.570: [INFO] BookmarksSnapshot Startup total=0 bar=0 other=0 mobile=0 showBar=0 showBarNTP=1
2026-08-13 06:08:41.839: [INFO] BookmarksSnapshot Shutdown total=0 bar=0 other=0 mobile=0 showBar=0 showBarNTP=1
2026-08-13 06:09:21.381: [INFO] CurrentProfilePath: C:\Users\SUJAN\Documents\Placements\Icanio\.metadata\.plugins\org.eclipse.swt\EBWebView\Default
2026-08-13 06:09:21.381: [INFO] Profiles total count: 1
2026-08-13 06:09:21.381: [INFO] Profile: name=Profile 1 path=C:\Users\SUJAN\Documents\Placements\Icanio\.metadata\.plugins\org.eclipse.swt\EBWebView\Default lastActive=2026-08-13T05:48:52.443Z
2026-08-13 06:09:21.381: [INFO] LastUsedProfileDir: C:\Users\SUJAN\Documents\Placements\Icanio\.metadata\.plugins\org.eclipse.swt\EBWebView\Default
2026-08-13 06:09:21.381: [INFO] MostRecentlyActiveProfile: name=Profile 1 path=C:\Users\SUJAN\Documents\Placements\Icanio\.metadata\.plugins\org.eclipse.swt\EBWebView\Default lastActive=2026-08-13T05:48:52.443Z
2026-08-13 06:09:21.381: [INFO] OnDoneLoading sync enabled: 0
2026-08-13 06:09:21.381: [INFO] BookmarkModelLoaded, ids_reassigned: 0
2026-08-13 06:09:21.381: [INFO] BookmarksLoadDropped droppedNodes=0
2026-08-13 06:09:21.381: [INFO] BookmarksSnapshot Startup total=0 bar=0 other=0 mobile=0 showBar=0 showBarNTP=1
2026-08-13 06:31:59.096: [INFO] BookmarksSnapshot Shutdown total=0 bar=0 other=0 mobile=0 showBar=0 showBarNTP=1
2026-08-13 06:33:12.523: [INFO] CurrentProfilePath: C:\Users\SUJAN\Documents\Placements\Icanio\.metadata\.plugins\org.eclipse.swt\EBWebView\Default
2026-08-13 06:33:12.523: [INFO] Profiles total count: 1
2026-08-13 06:33:12.523: [INFO] Profile: name=Profile 1 path=C:\Users\SUJAN\Documents\Placements\Icanio\.metadata\.plugins\org.eclipse.swt\EBWebView\Default lastActive=2026-08-13T05:48:52.443Z
2026-08-13 06:33:12.523: [INFO] LastUsedProfileDir: C:\Users\SUJAN\Documents\Placements\Icanio\.metadata\.plugins\org.eclipse.swt\EBWebView\Default
2026-08-13 06:33:12.523: [INFO] MostRecentlyActiveProfile: name=Profile 1 path=C:\Users\SUJAN\Documents\Placements\Icanio\.metadata\.plugins\org.eclipse.swt\EBWebView\Default lastActive=2026-08-13T05:48:52.443Z
2026-08-13 06:33:12.523: [INFO] OnDoneLoading sync enabled: 0
2026-08-13 06:33:12.523: [INFO] BookmarkModelLoaded, ids_reassigned: 0
2026-08-13 06:33:12.523: [INFO] BookmarksLoadDropped droppedNodes=0
2026-08-13 06:33:12.523: [INFO] BookmarksSnapshot Startup total=0 bar=0 other=0 mobile=0 showBar=0 showBarNTP=1
2026-08-13 06:33:18.344: [INFO] BookmarksSnapshot Shutdown total=0 bar=0 other=0 mobile=0 showBar=0 showBarNTP=1
2026-08-13 06:33:21.821: [INFO] CurrentProfilePath: C:\Users\SUJAN\Documents\Placements\Icanio\.metadata\.plugins\org.eclipse.swt\EBWebView\Default
2026-08-13 06:33:21.821: [INFO] Profiles total count: 1
2026-08-13 06:33:21.822: [INFO] Profile: name=Profile 1 path=C:\Users\SUJAN\Documents\Placements\Icanio\.metadata\.plugins\org.eclipse.swt\EBWebView\Default lastActive=2026-08-13T05:48:52.443Z
2026-08-13 06:33:21.822: [INFO] LastUsedProfileDir: C:\Users\SUJAN\Documents\Placements\Icanio\.metadata\.plugins\org.eclipse.swt\EBWebView\Default
2026-08-13 06:33:21.822: [INFO] MostRecentlyActiveProfile: name=Profile 1 path=C:\Users\SUJAN\Documents\Placements\Icanio\.metadata\.plugins\org.eclipse.swt\EBWebView\Default lastActive=2026-08-13T05:48:52.443Z
2026-08-13 06:33:21.822: [INFO] OnDoneLoading sync enabled: 0
2026-08-13 06:33:21.822: [INFO] BookmarkModelLoaded, ids_reassigned: 0
2026-08-13 06:33:21.822: [INFO] BookmarksLoadDropped droppedNodes=0
2026-08-13 06:33:21.822: [INFO] BookmarksSnapshot Startup total=0 bar=0 other=0 mobile=0 showBar=0 showBarNTP=1
2026-08-13 06:33:30.754: [INFO] BookmarksSnapshot Shutdown total=0 bar=0 other=0 mobile=0 showBar=0 showBarNTP=1
2026-08-13 06:34:17.061: [INFO] CurrentProfilePath: C:\Users\SUJAN\Documents\Placements\Icanio\.metadata\.plugins\org.eclipse.swt\EBWebView\Default
2026-08-13 06:34:17.061: [INFO] Profiles total count: 1
2026-08-13 06:34:17.061: [INFO] Profile: name=Profile 1 path=C:\Users\SUJAN\Documents\Placements\Icanio\.metadata\.plugins\org.eclipse.swt\EBWebView\Default lastActive=2026-08-13T05:48:52.443Z
2026-08-13 06:34:17.061: [INFO] LastUsedProfileDir: C:\Users\SUJAN\Documents\Placements\Icanio\.metadata\.plugins\org.eclipse.swt\EBWebView\Default
2026-08-13 06:34:17.061: [INFO] MostRecentlyActiveProfile: name=Profile 1 path=C:\Users\SUJAN\Documents\Placements\Icanio\.metadata\.plugins\org.eclipse.swt\EBWebView\Default lastActive=2026-08-13T05:48:52.443Z
2026-08-13 06:34:17.062: [INFO] OnDoneLoading sync enabled: 0
2026-08-13 06:34:17.062: [INFO] BookmarkModelLoaded, ids_reassigned: 0
2026-08-13 06:34:17.062: [INFO] BookmarksLoadDropped droppedNodes=0
2026-08-13 06:34:17.062: [INFO] BookmarksSnapshot Startup total=0 bar=0 other=0 mobile=0 showBar=0 showBarNTP=1
2026-08-13 06:43:01.984: [INFO] BookmarksSnapshot Shutdown total=0 bar=0 other=0 mobile=0 showBar=0 showBarNTP=1
2026-08-13 06:44:40.850: [INFO] CurrentProfilePath: C:\Users\SUJAN\Documents\Placements\Icanio\.metadata\.plugins\org.eclipse.swt\EBWebView\Default
2026-08-13 06:44:40.850: [INFO] Profiles total count: 1
2026-08-13 06:44:40.850: [INFO] Profile: name=Profile 1 path=C:\Users\SUJAN\Documents\Placements\Icanio\.metadata\.plugins\org.eclipse.swt\EBWebView\Default lastActive=2026-08-13T05:48:52.443Z
2026-08-13 06:44:40.850: [INFO] LastUsedProfileDir: C:\Users\SUJAN\Documents\Placements\Icanio\.metadata\.plugins\org.eclipse.swt\EBWebView\Default
2026-08-13 06:44:40.850: [INFO] MostRecentlyActiveProfile: name=Profile 1 path=C:\Users\SUJAN\Documents\Placements\Icanio\.metadata\.plugins\org.eclipse.swt\EBWebView\Default lastActive=2026-08-13T05:48:52.443Z
2026-08-13 06:44:40.850: [INFO] OnDoneLoading sync enabled: 0
2026-08-13 06:44:40.850: [INFO] BookmarkModelLoaded, ids_reassigned: 0
2026-08-13 06:44:40.850: [INFO] BookmarksLoadDropped droppedNodes=0
2026-08-13 06:44:40.851: [INFO] BookmarksSnapshot Startup total=0 bar=0 other=0 mobile=0 showBar=0 showBarNTP=1
2026-08-13 07:23:24.750: [INFO] BookmarksSnapshot Shutdown total=0 bar=0 other=0 mobile=0 showBar=0 showBarNTP=1
2026-08-13 08:18:33.987: [INFO] CurrentProfilePath: C:\Users\SUJAN\Documents\Placements\Icanio\.metadata\.plugins\org.eclipse.swt\EBWebView\Default
2026-08-13 08:18:33.987: [INFO] Profiles total count: 1
2026-08-13 08:18:33.987: [INFO] Profile: name=Profile 1 path=C:\Users\SUJAN\Documents\Placements\Icanio\.metadata\.plugins\org.eclipse.swt\EBWebView\Default lastActive=2026-08-13T05:48:52.443Z
2026-08-13 08:18:33.987: [INFO] LastUsedProfileDir: C:\Users\SUJAN\Documents\Placements\Icanio\.metadata\.plugins\org.eclipse.swt\EBWebView\Default
2026-08-13 08:18:33.987: [INFO] MostRecentlyActiveProfile: name=Profile 1 path=C:\Users\SUJAN\Documents\Placements\Icanio\.metadata\.plugins\org.eclipse.swt\EBWebView\Default lastActive=2026-08-13T05:48:52.443Z
2026-08-13 08:18:33.987: [INFO] OnDoneLoading sync enabled: 0
2026-08-13 08:18:33.987: [INFO] BookmarkModelLoaded, ids_reassigned: 0
2026-08-13 08:18:33.987: [INFO] BookmarksLoadDropped droppedNodes=0
2026-08-13 08:18:33.988: [INFO] BookmarksSnapshot Startup total=0 bar=0 other=0 mobile=0 showBar=0 showBarNTP=1
2026-08-13 08:18:37.563: [INFO] BookmarksSnapshot Shutdown total=0 bar=0 other=0 mobile=0 showBar=0 showBarNTP=1
2026-08-13 08:56:12.911: [INFO] CurrentProfilePath: C:\Users\SUJAN\Documents\Placements\Icanio\.metadata\.plugins\org.eclipse.swt\EBWebView\Default
2026-08-13 08:56:12.911: [INFO] Profiles total count: 1
2026-08-13 08:56:12.911: [INFO] Profile: name=Profile 1 path=C:\Users\SUJAN\Documents\Placements\Icanio\.metadata\.plugins\org.eclipse.swt\EBWebView\Default lastActive=2026-08-13T08:18:36.389Z
2026-08-13 08:56:12.911: [INFO] LastUsedProfileDir: C:\Users\SUJAN\Documents\Placements\Icanio\.metadata\.plugins\org.eclipse.swt\EBWebView\Default
2026-08-13 08:56:12.911: [INFO] MostRecentlyActiveProfile: name=Profile 1 path=C:\Users\SUJAN\Documents\Placements\Icanio\.metadata\.plugins\org.eclipse.swt\EBWebView\Default lastActive=2026-08-13T08:18:36.389Z
2026-08-13 08:56:12.912: [INFO] OnDoneLoading sync enabled: 0
2026-08-13 08:56:12.912: [INFO] BookmarkModelLoaded, ids_reassigned: 0
2026-08-13 08:56:12.912: [INFO] BookmarksLoadDropped droppedNodes=0
2026-08-13 08:56:12.912: [INFO] BookmarksSnapshot Startup total=0 bar=0 other=0 mobile=0 showBar=0 showBarNTP=1
2026-08-13 08:57:52.269: [INFO] BookmarksSnapshot Shutdown total=0 bar=0 other=0 mobile=0 showBar=0 showBarNTP=1
2026-08-13 08:57:54.433: [INFO] CurrentProfilePath: C:\Users\SUJAN\Documents\Placements\Icanio\.metadata\.plugins\org.eclipse.swt\EBWebView\Default
2026-08-13 08:57:54.433: [INFO] Profiles total count: 1
2026-08-13 08:57:54.434: [INFO] Profile: name=Profile 1 path=C:\Users\SUJAN\Documents\Placements\Icanio\.metadata\.plugins\org.eclipse.swt\EBWebView\Default lastActive=2026-08-13T08:57:50.294Z
2026-08-13 08:57:54.434: [INFO] LastUsedProfileDir: C:\Users\SUJAN\Documents\Placements\Icanio\.metadata\.plugins\org.eclipse.swt\EBWebView\Default
2026-08-13 08:57:54.434: [INFO] MostRecentlyActiveProfile: name=Profile 1 path=C:\Users\SUJAN\Documents\Placements\Icanio\.metadata\.plugins\org.eclipse.swt\EBWebView\Default lastActive=2026-08-13T08:57:50.294Z
2026-08-13 08:57:54.434: [INFO] OnDoneLoading sync enabled: 0
2026-08-13 08:57:54.434: [INFO] BookmarkModelLoaded, ids_reassigned: 0
2026-08-13 08:57:54.434: [INFO] BookmarksLoadDropped droppedNodes=0
2026-08-13 08:57:54.434: [INFO] BookmarksSnapshot Startup total=0 bar=0 other=0 mobile=0 showBar=0 showBarNTP=1
2026-08-13 08:58:42.236: [INFO] BookmarksSnapshot Shutdown total=0 bar=0 other=0 mobile=0 showBar=0 showBarNTP=1
2026-08-13 08:58:45.525: [INFO] CurrentProfilePath: C:\Users\SUJAN\Documents\Placements\Icanio\.metadata\.plugins\org.eclipse.swt\EBWebView\Default
2026-08-13 08:58:45.525: [INFO] Profiles total count: 1
2026-08-13 08:58:45.526: [INFO] Profile: name=Profile 1 path=C:\Users\SUJAN\Documents\Placements\Icanio\.metadata\.plugins\org.eclipse.swt\EBWebView\Default lastActive=2026-08-13T08:57:50.294Z
2026-08-13 08:58:45.526: [INFO] LastUsedProfileDir: C:\Users\SUJAN\Documents\Placements\Icanio\.metadata\.plugins\org.eclipse.swt\EBWebView\Default
2026-08-13 08:58:45.526: [INFO] MostRecentlyActiveProfile: name=Profile 1 path=C:\Users\SUJAN\Documents\Placements\Icanio\.metadata\.plugins\org.eclipse.swt\EBWebView\Default lastActive=2026-08-13T08:57:50.294Z
2026-08-13 08:58:45.526: [INFO] OnDoneLoading sync enabled: 0
2026-08-13 08:58:45.526: [INFO] BookmarkModelLoaded, ids_reassigned: 0
2026-08-13 08:58:45.526: [INFO] BookmarksLoadDropped droppedNodes=0
2026-08-13 08:58:45.526: [INFO] BookmarksSnapshot Startup total=0 bar=0 other=0 mobile=0 showBar=0 showBarNTP=1
2026-08-13 08:59:36.312: [INFO] BookmarksSnapshot Shutdown total=0 bar=0 other=0 mobile=0 showBar=0 showBarNTP=1
2026-08-14 04:07:14.272: [INFO] CurrentProfilePath: C:\Users\SUJAN\Documents\Placements\Icanio\.metadata\.plugins\org.eclipse.swt\EBWebView\Default
2026-08-14 04:07:14.272: [INFO] Profiles total count: 1
2026-08-14 04:07:14.273: [INFO] Profile: name=Profile 1 path=C:\Users\SUJAN\Documents\Placements\Icanio\.metadata\.plugins\org.eclipse.swt\EBWebView\Default lastActive=2026-08-13T08:57:50.294Z
2026-08-14 04:07:14.273: [INFO] LastUsedProfileDir: C:\Users\SUJAN\Documents\Placements\Icanio\.metadata\.plugins\org.eclipse.swt\EBWebView\Default
2026-08-14 04:07:14.273: [INFO] MostRecentlyActiveProfile: name=Profile 1 path=C:\Users\SUJAN\Documents\Placements\Icanio\.metadata\.plugins\org.eclipse.swt\EBWebView\Default lastActive=2026-08-13T08:57:50.294Z
2026-08-14 04:07:14.274: [INFO] OnDoneLoading sync enabled: 0
2026-08-14 04:07:14.274: [INFO] BookmarkModelLoaded, ids_reassigned: 0
2026-08-14 04:07:14.274: [INFO] BookmarksLoadDropped droppedNodes=0
2026-08-14 04:07:14.274: [INFO] BookmarksSnapshot Startup total=0 bar=0 other=0 mobile=0 showBar=0 showBarNTP=1
2026-08-14 04:07:48.767: [INFO] BookmarksSnapshot Shutdown total=0 bar=0 other=0 mobile=0 showBar=0 showBarNTP=1
2026-08-14 04:09:47.950: [INFO] CurrentProfilePath: C:\Users\SUJAN\Documents\Placements\Icanio\.metadata\.plugins\org.eclipse.swt\EBWebView\Default
2026-08-14 04:09:47.950: [INFO] Profiles total count: 1
2026-08-14 04:09:47.951: [INFO] Profile: name=Profile 1 path=C:\Users\SUJAN\Documents\Placements\Icanio\.metadata\.plugins\org.eclipse.swt\EBWebView\Default lastActive=2026-08-14T04:07:44.823Z
2026-08-14 04:09:47.951: [INFO] LastUsedProfileDir: C:\Users\SUJAN\Documents\Placements\Icanio\.metadata\.plugins\org.eclipse.swt\EBWebView\Default
2026-08-14 04:09:47.951: [INFO] MostRecentlyActiveProfile: name=Profile 1 path=C:\Users\SUJAN\Documents\Placements\Icanio\.metadata\.plugins\org.eclipse.swt\EBWebView\Default lastActive=2026-08-14T04:07:44.823Z
2026-08-14 04:09:47.951: [INFO] OnDoneLoading sync enabled: 0
2026-08-14 04:09:47.951: [INFO] BookmarkModelLoaded, ids_reassigned: 0
2026-08-14 04:09:47.951: [INFO] BookmarksLoadDropped droppedNodes=0
2026-08-14 04:09:47.951: [INFO] BookmarksSnapshot Startup total=0 bar=0 other=0 mobile=0 showBar=0 showBarNTP=1
2026-08-14 04:09:48.043: [INFO] BookmarksSnapshot Shutdown total=0 bar=0 other=0 mobile=0 showBar=0 showBarNTP=1
2026-08-14 04:11:33.098: [INFO] CurrentProfilePath: C:\Users\SUJAN\Documents\Placements\Icanio\.metadata\.plugins\org.eclipse.swt\EBWebView\Default
2026-08-14 04:11:33.098: [INFO] Profiles total count: 1
2026-08-14 04:11:33.098: [INFO] Profile: name=Profile 1 path=C:\Users\SUJAN\Documents\Placements\Icanio\.metadata\.plugins\org.eclipse.swt\EBWebView\Default lastActive=2026-08-14T04:07:44.823Z
2026-08-14 04:11:33.098: [INFO] LastUsedProfileDir: C:\Users\SUJAN\Documents\Placements\Icanio\.metadata\.plugins\org.eclipse.swt\EBWebView\Default
2026-08-14 04:11:33.098: [INFO] MostRecentlyActiveProfile: name=Profile 1 path=C:\Users\SUJAN\Documents\Placements\Icanio\.metadata\.plugins\org.eclipse.swt\EBWebView\Default lastActive=2026-08-14T04:07:44.823Z
2026-08-14 04:11:33.098: [INFO] OnDoneLoading sync enabled: 0
2026-08-14 04:11:33.098: [INFO] BookmarkModelLoaded, ids_reassigned: 0
2026-08-14 04:11:33.098: [INFO] BookmarksLoadDropped droppedNodes=0
2026-08-14 04:11:33.098: [INFO] BookmarksSnapshot Startup total=0 bar=0 other=0 mobile=0 showBar=0 showBarNTP=1
2026-08-14 04:13:10.260: [INFO] BookmarksSnapshot Shutdown total=0 bar=0 other=0 mobile=0 showBar=0 showBarNTP=1
2026-08-14 04:13:18.294: [INFO] CurrentProfilePath: C:\Users\SUJAN\Documents\Placements\Icanio\.metadata\.plugins\org.eclipse.swt\EBWebView\Default
2026-08-14 04:13:18.294: [INFO] Profiles total count: 1
2026-08-14 04:13:18.294: [INFO] Profile: name=Profile 1 path=C:\Users\SUJAN\Documents\Placements\Icanio\.metadata\.plugins\org.eclipse.swt\EBWebView\Default lastActive=2026-08-14T04:07:44.823Z
2026-08-14 04:13:18.294: [INFO] LastUsedProfileDir: C:\Users\SUJAN\Documents\Placements\Icanio\.metadata\.plugins\org.eclipse.swt\EBWebView\Default
2026-08-14 04:13:18.294: [INFO] MostRecentlyActiveProfile: name=Profile 1 path=C:\Users\SUJAN\Documents\Placements\Icanio\.metadata\.plugins\org.eclipse.swt\EBWebView\Default lastActive=2026-08-14T04:07:44.823Z
2026-08-14 04:13:18.294: [INFO] OnDoneLoading sync enabled: 0
2026-08-14 04:13:18.294: [INFO] BookmarkModelLoaded, ids_reassigned: 0
2026-08-14 04:13:18.294: [INFO] BookmarksLoadDropped droppedNodes=0
2026-08-14 04:13:18.294: [INFO] BookmarksSnapshot Startup total=0 bar=0 other=0 mobile=0 showBar=0 showBarNTP=1
2026-08-14 04:13:20.897: [INFO] BookmarksSnapshot Shutdown total=0 bar=0 other=0 mobile=0 showBar=0 showBarNTP=1
2026-08-14 04:14:25.113: [INFO] CurrentProfilePath: C:\Users\SUJAN\Documents\Placements\Icanio\.metadata\.plugins\org.eclipse.swt\EBWebView\Default
2026-08-14 04:14:25.113: [INFO] Profiles total count: 1
2026-08-14 04:14:25.113: [INFO] Profile: name=Profile 1 path=C:\Users\SUJAN\Documents\Placements\Icanio\.metadata\.plugins\org.eclipse.swt\EBWebView\Default lastActive=2026-08-14T04:07:44.823Z
2026-08-14 04:14:25.113: [INFO] LastUsedProfileDir: C:\Users\SUJAN\Documents\Placements\Icanio\.metadata\.plugins\org.eclipse.swt\EBWebView\Default
2026-08-14 04:14:25.113: [INFO] MostRecentlyActiveProfile: name=Profile 1 path=C:\Users\SUJAN\Documents\Placements\Icanio\.metadata\.plugins\org.eclipse.swt\EBWebView\Default lastActive=2026-08-14T04:07:44.823Z
2026-08-14 04:14:25.113: [INFO] OnDoneLoading sync enabled: 0
2026-08-14 04:14:25.113: [INFO] BookmarkModelLoaded, ids_reassigned: 0
2026-08-14 04:14:25.113: [INFO] BookmarksLoadDropped droppedNodes=0
2026-08-14 04:14:25.113: [INFO] BookmarksSnapshot Startup total=0 bar=0 other=0 mobile=0 showBar=0 showBarNTP=1
2026-08-14 04:14:25.225: [INFO] BookmarksSnapshot Shutdown total=0 bar=0 other=0 mobile=0 showBar=0 showBarNTP=1
2026-08-14 04:15:57.961: [INFO] CurrentProfilePath: C:\Users\SUJAN\Documents\Placements\Icanio\.metadata\.plugins\org.eclipse.swt\EBWebView\Default
2026-08-14 04:15:57.961: [INFO] Profiles total count: 1
2026-08-14 04:15:57.962: [INFO] Profile: name=Profile 1 path=C:\Users\SUJAN\Documents\Placements\Icanio\.metadata\.plugins\org.eclipse.swt\EBWebView\Default lastActive=2026-08-14T04:07:44.823Z
2026-08-14 04:15:57.962: [INFO] LastUsedProfileDir: C:\Users\SUJAN\Documents\Placements\Icanio\.metadata\.plugins\org.eclipse.swt\EBWebView\Default
2026-08-14 04:15:57.962: [INFO] MostRecentlyActiveProfile: name=Profile 1 path=C:\Users\SUJAN\Documents\Placements\Icanio\.metadata\.plugins\org.eclipse.swt\EBWebView\Default lastActive=2026-08-14T04:07:44.823Z
2026-08-14 04:15:57.962: [INFO] OnDoneLoading sync enabled: 0
2026-08-14 04:15:57.962: [INFO] BookmarkModelLoaded, ids_reassigned: 0
2026-08-14 04:15:57.962: [INFO] BookmarksLoadDropped droppedNodes=0
2026-08-14 04:15:57.962: [INFO] BookmarksSnapshot Startup total=0 bar=0 other=0 mobile=0 showBar=0 showBarNTP=1
2026-08-14 04:33:41.800: [INFO] CurrentProfilePath: C:\Users\SUJAN\Documents\Placements\Icanio\.metadata\.plugins\org.eclipse.swt\EBWebView\Default
2026-08-14 04:33:41.800: [INFO] Profiles total count: 1
2026-08-14 04:33:41.800: [INFO] Profile: name=Profile 1 path=C:\Users\SUJAN\Documents\Placements\Icanio\.metadata\.plugins\org.eclipse.swt\EBWebView\Default lastActive=2026-08-14T04:07:44.823Z
2026-08-14 04:33:41.800: [INFO] LastUsedProfileDir: C:\Users\SUJAN\Documents\Placements\Icanio\.metadata\.plugins\org.eclipse.swt\EBWebView\Default
2026-08-14 04:33:41.800: [INFO] MostRecentlyActiveProfile: name=Profile 1 path=C:\Users\SUJAN\Documents\Placements\Icanio\.metadata\.plugins\org.eclipse.swt\EBWebView\Default lastActive=2026-08-14T04:07:44.823Z
2026-08-14 04:33:41.800: [INFO] OnDoneLoading sync enabled: 0
2026-08-14 04:33:41.800: [INFO] BookmarkModelLoaded, ids_reassigned: 0
2026-08-14 04:33:41.800: [INFO] BookmarksLoadDropped droppedNodes=0
2026-08-14 04:33:41.800: [INFO] BookmarksSnapshot Startup total=0 bar=0 other=0 mobile=0 showBar=0 showBarNTP=1
2026-08-14 04:33:58.468: [INFO] BookmarksSnapshot Shutdown total=0 bar=0 other=0 mobile=0 showBar=0 showBarNTP=1
2026-08-14 05:35:59.413: [INFO] CurrentProfilePath: C:\Users\SUJAN\Documents\Placements\Icanio\.metadata\.plugins\org.eclipse.swt\EBWebView\Default
2026-08-14 05:35:59.413: [INFO] Profiles total count: 1
2026-08-14 05:35:59.413: [INFO] Profile: name=Profile 1 path=C:\Users\SUJAN\Documents\Placements\Icanio\.metadata\.plugins\org.eclipse.swt\EBWebView\Default lastActive=2026-08-14T04:33:55.414Z
2026-08-14 05:35:59.413: [INFO] LastUsedProfileDir: C:\Users\SUJAN\Documents\Placements\Icanio\.metadata\.plugins\org.eclipse.swt\EBWebView\Default
2026-08-14 05:35:59.413: [INFO] MostRecentlyActiveProfile: name=Profile 1 path=C:\Users\SUJAN\Documents\Placements\Icanio\.metadata\.plugins\org.eclipse.swt\EBWebView\Default lastActive=2026-08-14T04:33:55.414Z
2026-08-14 05:35:59.413: [INFO] OnDoneLoading sync enabled: 0
2026-08-14 05:35:59.413: [INFO] BookmarkModelLoaded, ids_reassigned: 0
2026-08-14 05:35:59.413: [INFO] BookmarksLoadDropped droppedNodes=0
2026-08-14 05:35:59.413: [INFO] BookmarksSnapshot Startup total=0 bar=0 other=0 mobile=0 showBar=0 showBarNTP=1
2026-08-14 05:37:01.187: [INFO] BookmarksSnapshot Shutdown total=0 bar=0 other=0 mobile=0 showBar=0 showBarNTP=1
2026-08-14 05:37:18.699: [INFO] CurrentProfilePath: C:\Users\SUJAN\Documents\Placements\Icanio\.metadata\.plugins\org.eclipse.swt\EBWebView\Default
2026-08-14 05:37:18.699: [INFO] Profiles total count: 1
2026-08-14 05:37:18.699: [INFO] Profile: name=Profile 1 path=C:\Users\SUJAN\Documents\Placements\Icanio\.metadata\.plugins\org.eclipse.swt\EBWebView\Default lastActive=2026-08-14T04:33:55.414Z
2026-08-14 05:37:18.699: [INFO] LastUsedProfileDir: C:\Users\SUJAN\Documents\Placements\Icanio\.metadata\.plugins\org.eclipse.swt\EBWebView\Default
2026-08-14 05:37:18.699: [INFO] MostRecentlyActiveProfile: name=Profile 1 path=C:\Users\SUJAN\Documents\Placements\Icanio\.metadata\.plugins\org.eclipse.swt\EBWebView\Default lastActive=2026-08-14T04:33:55.414Z
2026-08-14 05:37:18.699: [INFO] OnDoneLoading sync enabled: 0
2026-08-14 05:37:18.699: [INFO] BookmarkModelLoaded, ids_reassigned: 0
2026-08-14 05:37:18.699: [INFO] BookmarksLoadDropped droppedNodes=0
2026-08-14 05:37:18.699: [INFO] BookmarksSnapshot Startup total=0 bar=0 other=0 mobile=0 showBar=0 showBarNTP=1
2026-08-14 05:46:11.976: [INFO] BookmarksSnapshot Shutdown total=0 bar=0 other=0 mobile=0 showBar=0 showBarNTP=1
2026-08-17 04:10:12.754: [INFO] CurrentProfilePath: C:\Users\SUJAN\Documents\Placements\Icanio\.metadata\.plugins\org.eclipse.swt\EBWebView\Default
2026-08-17 04:10:12.754: [INFO] Profiles total count: 1
2026-08-17 04:10:12.755: [INFO] Profile: name=Profile 1 path=C:\Users\SUJAN\Documents\Placements\Icanio\.metadata\.plugins\org.eclipse.swt\EBWebView\Default lastActive=2026-08-14T04:33:55.414Z
2026-08-17 04:10:12.755: [INFO] LastUsedProfileDir: C:\Users\SUJAN\Documents\Placements\Icanio\.metadata\.plugins\org.eclipse.swt\EBWebView\Default
2026-08-17 04:10:12.755: [INFO] MostRecentlyActiveProfile: name=Profile 1 path=C:\Users\SUJAN\Documents\Placements\Icanio\.metadata\.plugins\org.eclipse.swt\EBWebView\Default lastActive=2026-08-14T04:33:55.414Z
2026-08-17 04:10:12.755: [INFO] OnDoneLoading sync enabled: 0
2026-08-17 04:10:12.755: [INFO] BookmarkModelLoaded, ids_reassigned: 0
2026-08-17 04:10:12.755: [INFO] BookmarksLoadDropped droppedNodes=0
2026-08-17 04:10:12.755: [INFO] BookmarksSnapshot Startup total=0 bar=0 other=0 mobile=0 showBar=0 showBarNTP=1
2026-08-17 04:11:13.657: [INFO] BookmarksSnapshot Shutdown total=0 bar=0 other=0 mobile=0 showBar=0 showBarNTP=1
2026-08-17 04:12:48.274: [INFO] CurrentProfilePath: C:\Users\SUJAN\Documents\Placements\Icanio\.metadata\.plugins\org.eclipse.swt\EBWebView\Default
2026-08-17 04:12:48.274: [INFO] Profiles total count: 1
2026-08-17 04:12:48.275: [INFO] Profile: name=Profile 1 path=C:\Users\SUJAN\Documents\Placements\Icanio\.metadata\.plugins\org.eclipse.swt\EBWebView\Default lastActive=2026-08-14T04:33:55.414Z
2026-08-17 04:12:48.275: [INFO] LastUsedProfileDir: C:\Users\SUJAN\Documents\Placements\Icanio\.metadata\.plugins\org.eclipse.swt\EBWebView\Default
2026-08-17 04:12:48.275: [INFO] MostRecentlyActiveProfile: name=Profile 1 path=C:\Users\SUJAN\Documents\Placements\Icanio\.metadata\.plugins\org.eclipse.swt\EBWebView\Default lastActive=2026-08-14T04:33:55.414Z
2026-08-17 04:12:48.275: [INFO] OnDoneLoading sync enabled: 0
2026-08-17 04:12:48.275: [INFO] BookmarkModelLoaded, ids_reassigned: 0
2026-08-17 04:12:48.275: [INFO] BookmarksLoadDropped droppedNodes=0
2026-08-17 04:12:48.275: [INFO] BookmarksSnapshot Startup total=0 bar=0 other=0 mobile=0 showBar=0 showBarNTP=1
2026-08-17 04:13:02.021: [INFO] BookmarksSnapshot Shutdown total=0 bar=0 other=0 mobile=0 showBar=0 showBarNTP=1
2026-08-17 04:19:45.362: [INFO] CurrentProfilePath: C:\Users\SUJAN\Documents\Placements\Icanio\.metadata\.plugins\org.eclipse.swt\EBWebView\Default
2026-08-17 04:19:45.362: [INFO] Profiles total count: 1
2026-08-17 04:19:45.362: [INFO] Profile: name=Profile 1 path=C:\Users\SUJAN\Documents\Placements\Icanio\.metadata\.plugins\org.eclipse.swt\EBWebView\Default lastActive=2026-08-14T04:33:55.414Z
2026-08-17 04:19:45.362: [INFO] LastUsedProfileDir: C:\Users\SUJAN\Documents\Placements\Icanio\.metadata\.plugins\org.eclipse.swt\EBWebView\Default
2026-08-17 04:19:45.362: [INFO] MostRecentlyActiveProfile: name=Profile 1 path=C:\Users\SUJAN\Documents\Placements\Icanio\.metadata\.plugins\org.eclipse.swt\EBWebView\Default lastActive=2026-08-14T04:33:55.414Z
2026-08-17 04:19:45.362: [INFO] OnDoneLoading sync enabled: 0
2026-08-17 04:19:45.362: [INFO] BookmarkModelLoaded, ids_reassigned: 0
2026-08-17 04:19:45.362: [INFO] BookmarksLoadDropped droppedNodes=0
2026-08-17 04:19:45.362: [INFO] BookmarksSnapshot Startup total=0 bar=0 other=0 mobile=0 showBar=0 showBarNTP=1
2026-08-17 04:22:18.541: [INFO] BookmarksSnapshot Shutdown total=0 bar=0 other=0 mobile=0 showBar=0 showBarNTP=1
2026-08-17 04:22:32.826: [INFO] CurrentProfilePath: C:\Users\SUJAN\Documents\Placements\Icanio\.metadata\.plugins\org.eclipse.swt\EBWebView\Default
2026-08-17 04:22:32.826: [INFO] Profiles total count: 1
2026-08-17 04:22:32.826: [INFO] Profile: name=Profile 1 path=C:\Users\SUJAN\Documents\Placements\Icanio\.metadata\.plugins\org.eclipse.swt\EBWebView\Default lastActive=2026-08-14T04:33:55.414Z
2026-08-17 04:22:32.826: [INFO] LastUsedProfileDir: C:\Users\SUJAN\Documents\Placements\Icanio\.metadata\.plugins\org.eclipse.swt\EBWebView\Default
2026-08-17 04:22:32.826: [INFO] MostRecentlyActiveProfile: name=Profile 1 path=C:\Users\SUJAN\Documents\Placements\Icanio\.metadata\.plugins\org.eclipse.swt\EBWebView\Default lastActive=2026-08-14T04:33:55.414Z
2026-08-17 04:22:32.826: [INFO] OnDoneLoading sync enabled: 0
2026-08-17 04:22:32.826: [INFO] BookmarkModelLoaded, ids_reassigned: 0
2026-08-17 04:22:32.826: [INFO] BookmarksLoadDropped droppedNodes=0
2026-08-17 04:22:32.826: [INFO] BookmarksSnapshot Startup total=0 bar=0 other=0 mobile=0 showBar=0 showBarNTP=1
2026-08-17 04:22:32.920: [INFO] BookmarksSnapshot Shutdown total=0 bar=0 other=0 mobile=0 showBar=0 showBarNTP=1
2026-08-17 04:24:11.504: [INFO] CurrentProfilePath: C:\Users\SUJAN\Documents\Placements\Icanio\.metadata\.plugins\org.eclipse.swt\EBWebView\Default
2026-08-17 04:24:11.504: [INFO] Profiles total count: 1
2026-08-17 04:24:11.504: [INFO] Profile: name=Profile 1 path=C:\Users\SUJAN\Documents\Placements\Icanio\.metadata\.plugins\org.eclipse.swt\EBWebView\Default lastActive=2026-08-14T04:33:55.414Z
2026-08-17 04:24:11.504: [INFO] LastUsedProfileDir: C:\Users\SUJAN\Documents\Placements\Icanio\.metadata\.plugins\org.eclipse.swt\EBWebView\Default
2026-08-17 04:24:11.504: [INFO] MostRecentlyActiveProfile: name=Profile 1 path=C:\Users\SUJAN\Documents\Placements\Icanio\.metadata\.plugins\org.eclipse.swt\EBWebView\Default lastActive=2026-08-14T04:33:55.414Z
2026-08-17 04:24:11.504: [INFO] OnDoneLoading sync enabled: 0
2026-08-17 04:24:11.504: [INFO] BookmarkModelLoaded, ids_reassigned: 0
2026-08-17 04:24:11.504: [INFO] BookmarksLoadDropped droppedNodes=0
2026-08-17 04:24:11.504: [INFO] BookmarksSnapshot Startup total=0 bar=0 other=0 mobile=0 showBar=0 showBarNTP=1
2026-08-17 04:24:21.156: [INFO] BookmarksSnapshot Shutdown total=0 bar=0 other=0 mobile=0 showBar=0 showBarNTP=1
2026-08-17 04:26:16.273: [INFO] CurrentProfilePath: C:\Users\SUJAN\Documents\Placements\Icanio\.metadata\.plugins\org.eclipse.swt\EBWebView\Default
2026-08-17 04:26:16.273: [INFO] Profiles total count: 1
2026-08-17 04:26:16.273: [INFO] Profile: name=Profile 1 path=C:\Users\SUJAN\Documents\Placements\Icanio\.metadata\.plugins\org.eclipse.swt\EBWebView\Default lastActive=2026-08-14T04:33:55.414Z
2026-08-17 04:26:16.273: [INFO] LastUsedProfileDir: C:\Users\SUJAN\Documents\Placements\Icanio\.metadata\.plugins\org.eclipse.swt\EBWebView\Default
2026-08-17 04:26:16.273: [INFO] MostRecentlyActiveProfile: name=Profile 1 path=C:\Users\SUJAN\Documents\Placements\Icanio\.metadata\.plugins\org.eclipse.swt\EBWebView\Default lastActive=2026-08-14T04:33:55.414Z
2026-08-17 04:26:16.273: [INFO] OnDoneLoading sync enabled: 0
2026-08-17 04:26:16.273: [INFO] BookmarkModelLoaded, ids_reassigned: 0
2026-08-17 04:26:16.273: [INFO] BookmarksLoadDropped droppedNodes=0
2026-08-17 04:26:16.273: [INFO] BookmarksSnapshot Startup total=0 bar=0 other=0 mobile=0 showBar=0 showBarNTP=1
2026-08-17 04:37:35.441: [INFO] BookmarksSnapshot Shutdown total=0 bar=0 other=0 mobile=0 showBar=0 showBarNTP=1
2026-08-17 04:37:54.259: [INFO] CurrentProfilePath: C:\Users\SUJAN\Documents\Placements\Icanio\.metadata\.plugins\org.eclipse.swt\EBWebView\Default
2026-08-17 04:37:54.259: [INFO] Profiles total count: 1
2026-08-17 04:37:54.259: [INFO] Profile: name=Profile 1 path=C:\Users\SUJAN\Documents\Placements\Icanio\.metadata\.plugins\org.eclipse.swt\EBWebView\Default lastActive=2026-08-14T04:33:55.414Z
2026-08-17 04:37:54.259: [INFO] LastUsedProfileDir: C:\Users\SUJAN\Documents\Placements\Icanio\.metadata\.plugins\org.eclipse.swt\EBWebView\Default
2026-08-17 04:37:54.259: [INFO] MostRecentlyActiveProfile: name=Profile 1 path=C:\Users\SUJAN\Documents\Placements\Icanio\.metadata\.plugins\org.eclipse.swt\EBWebView\Default lastActive=2026-08-14T04:33:55.414Z
2026-08-17 04:37:54.259: [INFO] OnDoneLoading sync enabled: 0
2026-08-17 04:37:54.259: [INFO] BookmarkModelLoaded, ids_reassigned: 0
2026-08-17 04:37:54.259: [INFO] BookmarksLoadDropped droppedNodes=0
2026-08-17 04:37:54.259: [INFO] BookmarksSnapshot Startup total=0 bar=0 other=0 mobile=0 showBar=0 showBarNTP=1
2026-08-17 06:07:22.703: [INFO] CurrentProfilePath: C:\Users\SUJAN\Documents\Placements\Icanio\.metadata\.plugins\org.eclipse.swt\EBWebView\Default
2026-08-17 06:07:22.703: [INFO] Profiles total count: 1
2026-08-17 06:07:22.705: [INFO] Profile: name=Profile 1 path=C:\Users\SUJAN\Documents\Placements\Icanio\.metadata\.plugins\org.eclipse.swt\EBWebView\Default lastActive=2026-08-14T04:33:55.414Z
2026-08-17 06:07:22.705: [INFO] LastUsedProfileDir: C:\Users\SUJAN\Documents\Placements\Icanio\.metadata\.plugins\org.eclipse.swt\EBWebView\Default
2026-08-17 06:07:22.705: [INFO] MostRecentlyActiveProfile: name=Profile 1 path=C:\Users\SUJAN\Documents\Placements\Icanio\.metadata\.plugins\org.eclipse.swt\EBWebView\Default lastActive=2026-08-14T04:33:55.414Z
2026-08-17 06:07:22.705: [INFO] OnDoneLoading sync enabled: 0
2026-08-17 06:07:22.705: [INFO] BookmarkModelLoaded, ids_reassigned: 0
2026-08-17 06:07:22.706: [INFO] BookmarksLoadDropped droppedNodes=0
2026-08-17 06:07:22.706: [INFO] BookmarksSnapshot Startup total=0 bar=0 other=0 mobile=0 showBar=0 showBarNTP=1
2026-08-17 06:11:06.349: [INFO] BookmarksSnapshot Shutdown total=0 bar=0 other=0 mobile=0 showBar=0 showBarNTP=1
2026-08-17 08:55:33.324: [INFO] CurrentProfilePath: C:\Users\SUJAN\Documents\Placements\Icanio\.metadata\.plugins\org.eclipse.swt\EBWebView\Default
2026-08-17 08:55:33.324: [INFO] Profiles total count: 1
2026-08-17 08:55:33.325: [INFO] Profile: name=Profile 1 path=C:\Users\SUJAN\Documents\Placements\Icanio\.metadata\.plugins\org.eclipse.swt\EBWebView\Default lastActive=2026-08-17T06:11:02.998Z
2026-08-17 08:55:33.325: [INFO] LastUsedProfileDir: C:\Users\SUJAN\Documents\Placements\Icanio\.metadata\.plugins\org.eclipse.swt\EBWebView\Default
2026-08-17 08:55:33.325: [INFO] MostRecentlyActiveProfile: name=Profile 1 path=C:\Users\SUJAN\Documents\Placements\Icanio\.metadata\.plugins\org.eclipse.swt\EBWebView\Default lastActive=2026-08-17T06:11:02.998Z
2026-08-17 08:55:33.325: [INFO] OnDoneLoading sync enabled: 0
2026-08-17 08:55:33.325: [INFO] BookmarkModelLoaded, ids_reassigned: 0
2026-08-17 08:55:33.325: [INFO] BookmarksLoadDropped droppedNodes=0
2026-08-17 08:55:33.325: [INFO] BookmarksSnapshot Startup total=0 bar=0 other=0 mobile=0 showBar=0 showBarNTP=1
2026-08-17 08:55:51.500: [INFO] BookmarksSnapshot Shutdown total=0 bar=0 other=0 mobile=0 showBar=0 showBarNTP=1
2026-08-18 04:33:24.190: [INFO] CurrentProfilePath: C:\Users\SUJAN\Documents\Placements\Icanio\.metadata\.plugins\org.eclipse.swt\EBWebView\Default
2026-08-18 04:33:24.190: [INFO] Profiles total count: 1
2026-08-18 04:33:24.192: [INFO] Profile: name=Profile 1 path=C:\Users\SUJAN\Documents\Placements\Icanio\.metadata\.plugins\org.eclipse.swt\EBWebView\Default lastActive=2026-08-17T08:55:51.171Z
2026-08-18 04:33:24.192: [INFO] LastUsedProfileDir: C:\Users\SUJAN\Documents\Placements\Icanio\.metadata\.plugins\org.eclipse.swt\EBWebView\Default
2026-08-18 04:33:24.192: [INFO] MostRecentlyActiveProfile: name=Profile 1 path=C:\Users\SUJAN\Documents\Placements\Icanio\.metadata\.plugins\org.eclipse.swt\EBWebView\Default lastActive=2026-08-17T08:55:51.171Z
2026-08-18 04:33:24.192: [INFO] OnDoneLoading sync enabled: 0
2026-08-18 04:33:24.192: [INFO] BookmarkModelLoaded, ids_reassigned: 0
2026-08-18 04:33:24.192: [INFO] BookmarksLoadDropped droppedNodes=0
2026-08-18 04:33:24.192: [INFO] BookmarksSnapshot Startup total=0 bar=0 other=0 mobile=0 showBar=0 showBarNTP=1
2026-08-18 04:33:50.091: [INFO] BookmarksSnapshot Shutdown total=0 bar=0 other=0 mobile=0 showBar=0 showBarNTP=1
2026-08-18 04:33:53.023: [INFO] CurrentProfilePath: C:\Users\SUJAN\Documents\Placements\Icanio\.metadata\.plugins\org.eclipse.swt\EBWebView\Default
2026-08-18 04:33:53.023: [INFO] Profiles total count: 1
2026-08-18 04:33:53.023: [INFO] Profile: name=Profile 1 path=C:\Users\SUJAN\Documents\Placements\Icanio\.metadata\.plugins\org.eclipse.swt\EBWebView\Default lastActive=2026-08-17T08:55:51.171Z
2026-08-18 04:33:53.023: [INFO] LastUsedProfileDir: C:\Users\SUJAN\Documents\Placements\Icanio\.metadata\.plugins\org.eclipse.swt\EBWebView\Default
2026-08-18 04:33:53.023: [INFO] MostRecentlyActiveProfile: name=Profile 1 path=C:\Users\SUJAN\Documents\Placements\Icanio\.metadata\.plugins\org.eclipse.swt\EBWebView\Default lastActive=2026-08-17T08:55:51.171Z
2026-08-18 04:33:53.023: [INFO] OnDoneLoading sync enabled: 0
2026-08-18 04:33:53.023: [INFO] BookmarkModelLoaded, ids_reassigned: 0
2026-08-18 04:33:53.023: [INFO] BookmarksLoadDropped droppedNodes=0
2026-08-18 04:33:53.023: [INFO] BookmarksSnapshot Startup total=0 bar=0 other=0 mobile=0 showBar=0 showBarNTP=1
2026-08-18 05:50:09.608: [INFO] BookmarksSnapshot Shutdown total=0 bar=0 other=0 mobile=0 showBar=0 showBarNTP=1
2026-08-18 05:50:43.276: [INFO] CurrentProfilePath: C:\Users\SUJAN\Documents\Placements\Icanio\.metadata\.plugins\org.eclipse.swt\EBWebView\Default
2026-08-18 05:50:43.276: [INFO] Profiles total count: 1
2026-08-18 05:50:43.277: [INFO] Profile: name=Profile 1 path=C:\Users\SUJAN\Documents\Placements\Icanio\.metadata\.plugins\org.eclipse.swt\EBWebView\Default lastActive=2026-08-18T05:49:04.164Z
2026-08-18 05:50:43.277: [INFO] LastUsedProfileDir: C:\Users\SUJAN\Documents\Placements\Icanio\.metadata\.plugins\org.eclipse.swt\EBWebView\Default
2026-08-18 05:50:43.277: [INFO] MostRecentlyActiveProfile: name=Profile 1 path=C:\Users\SUJAN\Documents\Placements\Icanio\.metadata\.plugins\org.eclipse.swt\EBWebView\Default lastActive=2026-08-18T05:49:04.164Z
2026-08-18 05:50:43.277: [INFO] OnDoneLoading sync enabled: 0
2026-08-18 05:50:43.277: [INFO] BookmarkModelLoaded, ids_reassigned: 0
2026-08-18 05:50:43.277: [INFO] BookmarksLoadDropped droppedNodes=0
2026-08-18 05:50:43.277: [INFO] BookmarksSnapshot Startup total=0 bar=0 other=0 mobile=0 showBar=0 showBarNTP=1
2026-08-18 08:11:05.293: [INFO] CurrentProfilePath: C:\Users\SUJAN\Documents\Placements\Icanio\.metadata\.plugins\org.eclipse.swt\EBWebView\Default
2026-08-18 08:11:05.293: [INFO] Profiles total count: 1
2026-08-18 08:11:05.293: [INFO] Profile: name=Profile 1 path=C:\Users\SUJAN\Documents\Placements\Icanio\.metadata\.plugins\org.eclipse.swt\EBWebView\Default lastActive=2026-08-18T05:49:04.164Z
2026-08-18 08:11:05.293: [INFO] LastUsedProfileDir: C:\Users\SUJAN\Documents\Placements\Icanio\.metadata\.plugins\org.eclipse.swt\EBWebView\Default
2026-08-18 08:11:05.293: [INFO] MostRecentlyActiveProfile: name=Profile 1 path=C:\Users\SUJAN\Documents\Placements\Icanio\.metadata\.plugins\org.eclipse.swt\EBWebView\Default lastActive=2026-08-18T05:49:04.164Z
2026-08-18 08:11:05.293: [INFO] OnDoneLoading sync enabled: 0
2026-08-18 08:11:05.293: [INFO] BookmarkModelLoaded, ids_reassigned: 0
2026-08-18 08:11:05.294: [INFO] BookmarksLoadDropped droppedNodes=0
2026-08-18 08:11:05.294: [INFO] BookmarksSnapshot Startup total=0 bar=0 other=0 mobile=0 showBar=0 showBarNTP=1
2026-08-18 08:16:39.947: [INFO] BookmarksSnapshot Shutdown total=0 bar=0 other=0 mobile=0 showBar=0 showBarNTP=1
2026-08-18 08:19:14.944: [INFO] CurrentProfilePath: C:\Users\SUJAN\Documents\Placements\Icanio\.metadata\.plugins\org.eclipse.swt\EBWebView\Default
2026-08-18 08:19:14.944: [INFO] Profiles total count: 1
2026-08-18 08:19:14.944: [INFO] Profile: name=Profile 1 path=C:\Users\SUJAN\Documents\Placements\Icanio\.metadata\.plugins\org.eclipse.swt\EBWebView\Default lastActive=2026-08-18T05:49:04.164Z
2026-08-18 08:19:14.944: [INFO] LastUsedProfileDir: C:\Users\SUJAN\Documents\Placements\Icanio\.metadata\.plugins\org.eclipse.swt\EBWebView\Default
2026-08-18 08:19:14.944: [INFO] MostRecentlyActiveProfile: name=Profile 1 path=C:\Users\SUJAN\Documents\Placements\Icanio\.metadata\.plugins\org.eclipse.swt\EBWebView\Default lastActive=2026-08-18T05:49:04.164Z
2026-08-18 08:19:14.944: [INFO] OnDoneLoading sync enabled: 0
2026-08-18 08:19:14.944: [INFO] BookmarkModelLoaded, ids_reassigned: 0
2026-08-18 08:19:14.944: [INFO] BookmarksLoadDropped droppedNodes=0
2026-08-18 08:19:14.944: [INFO] BookmarksSnapshot Startup total=0 bar=0 other=0 mobile=0 showBar=0 showBarNTP=1
2026-08-18 08:19:19.450: [INFO] BookmarksSnapshot Shutdown total=0 bar=0 other=0 mobile=0 showBar=0 showBarNTP=1
2026-08-18 08:33:40.073: [INFO] CurrentProfilePath: C:\Users\SUJAN\Documents\Placements\Icanio\.metadata\.plugins\org.eclipse.swt\EBWebView\Default
2026-08-18 08:33:40.073: [INFO] Profiles total count: 1
2026-08-18 08:33:40.073: [INFO] Profile: name=Profile 1 path=C:\Users\SUJAN\Documents\Placements\Icanio\.metadata\.plugins\org.eclipse.swt\EBWebView\Default lastActive=2026-08-18T08:19:15.049Z
2026-08-18 08:33:40.073: [INFO] LastUsedProfileDir: C:\Users\SUJAN\Documents\Placements\Icanio\.metadata\.plugins\org.eclipse.swt\EBWebView\Default
2026-08-18 08:33:40.073: [INFO] MostRecentlyActiveProfile: name=Profile 1 path=C:\Users\SUJAN\Documents\Placements\Icanio\.metadata\.plugins\org.eclipse.swt\EBWebView\Default lastActive=2026-08-18T08:19:15.049Z
2026-08-18 08:33:40.073: [INFO] OnDoneLoading sync enabled: 0
2026-08-18 08:33:40.073: [INFO] BookmarkModelLoaded, ids_reassigned: 0
2026-08-18 08:33:40.073: [INFO] BookmarksLoadDropped droppedNodes=0
2026-08-18 08:33:40.073: [INFO] BookmarksSnapshot Startup total=0 bar=0 other=0 mobile=0 showBar=0 showBarNTP=1
2026-08-18 08:49:01.981: [INFO] BookmarksSnapshot Shutdown total=0 bar=0 other=0 mobile=0 showBar=0 showBarNTP=1
2026-08-18 10:30:56.543: [INFO] CurrentProfilePath: C:\Users\SUJAN\Documents\Placements\Icanio\.metadata\.plugins\org.eclipse.swt\EBWebView\Default
2026-08-18 10:30:56.543: [INFO] Profiles total count: 1
2026-08-18 10:30:56.544: [INFO] Profile: name=Profile 1 path=C:\Users\SUJAN\Documents\Placements\Icanio\.metadata\.plugins\org.eclipse.swt\EBWebView\Default lastActive=2026-08-18T08:19:15.049Z
2026-08-18 10:30:56.544: [INFO] LastUsedProfileDir: C:\Users\SUJAN\Documents\Placements\Icanio\.metadata\.plugins\org.eclipse.swt\EBWebView\Default
2026-08-18 10:30:56.544: [INFO] MostRecentlyActiveProfile: name=Profile 1 path=C:\Users\SUJAN\Documents\Placements\Icanio\.metadata\.plugins\org.eclipse.swt\EBWebView\Default lastActive=2026-08-18T08:19:15.049Z
2026-08-18 10:30:56.544: [INFO] OnDoneLoading sync enabled: 0
2026-08-18 10:30:56.544: [INFO] BookmarkModelLoaded, ids_reassigned: 0
2026-08-18 10:30:56.544: [INFO] BookmarksLoadDropped droppedNodes=0
2026-08-18 10:30:56.544: [INFO] BookmarksSnapshot Startup total=0 bar=0 other=0 mobile=0 showBar=0 showBarNTP=1
2026-08-18 10:30:58.926: [INFO] BookmarksSnapshot Shutdown total=0 bar=0 other=0 mobile=0 showBar=0 showBarNTP=1
2026-08-18 15:22:41.511: [INFO] CurrentProfilePath: C:\Users\SUJAN\Documents\Placements\Icanio\.metadata\.plugins\org.eclipse.swt\EBWebView\Default
2026-08-18 15:22:41.511: [INFO] Profiles total count: 1
2026-08-18 15:22:41.511: [INFO] Profile: name=Profile 1 path=C:\Users\SUJAN\Documents\Placements\Icanio\.metadata\.plugins\org.eclipse.swt\EBWebView\Default lastActive=2026-08-18T08:19:15.049Z
2026-08-18 15:22:41.511: [INFO] LastUsedProfileDir: C:\Users\SUJAN\Documents\Placements\Icanio\.metadata\.plugins\org.eclipse.swt\EBWebView\Default
2026-08-18 15:22:41.511: [INFO] MostRecentlyActiveProfile: name=Profile 1 path=C:\Users\SUJAN\Documents\Placements\Icanio\.metadata\.plugins\org.eclipse.swt\EBWebView\Default lastActive=2026-08-18T08:19:15.049Z
2026-08-18 15:22:41.511: [INFO] OnDoneLoading sync enabled: 0
2026-08-18 15:22:41.511: [INFO] BookmarkModelLoaded, ids_reassigned: 0
2026-08-18 15:22:41.511: [INFO] BookmarksLoadDropped droppedNodes=0
2026-08-18 15:22:41.511: [INFO] BookmarksSnapshot Startup total=0 bar=0 other=0 mobile=0 showBar=0 showBarNTP=1
2026-08-18 15:57:33.353: [INFO] BookmarksSnapshot Shutdown total=0 bar=0 other=0 mobile=0 showBar=0 showBarNTP=1
