2026-08-13 11:18:50,728 [Worker-1: Loading available Gradle versions] INFO  o.e.b.c.i.u.g.PublishedGradleVersions - Gradle version information cache is not available. Remote download required.
2026-08-13 13:48:24,834 [Worker-5: Loading available Gradle versions] INFO  o.e.b.c.i.u.g.PublishedGradleVersions - Gradle version information cache is up-to-date. Trying to read.
2026-08-13 14:06:03,783 [Worker-1: Loading available Gradle versions] INFO  o.e.b.c.i.u.g.PublishedGradleVersions - Gradle version information cache is up-to-date. Trying to read.
2026-08-13 14:26:03,809 [Worker-2: Loading available Gradle versions] INFO  o.e.b.c.i.u.g.PublishedGradleVersions - Gradle version information cache is up-to-date. Trying to read.
2026-08-13 14:27:50,411 [Worker-21: Launching mavenrun-47631552-4a96-4a5a-89f8-7efbd21626c5] INFO  o.eclipse.m2e.core.internal.Bundles - getClasspathEntries(Bundle=org.eclipse.m2e.maven.runtime_3.9.1600.20260522-0510 [308])
2026-08-13 14:27:50,416 [Worker-21: Launching mavenrun-47631552-4a96-4a5a-89f8-7efbd21626c5] INFO  o.eclipse.m2e.core.internal.Bundles - 	Entry: C:\Users\SUJAN\.p2\pool\plugins\org.eclipse.m2e.maven.runtime_3.9.1600.20260522-0510
2026-08-13 14:27:50,416 [Worker-21: Launching mavenrun-47631552-4a96-4a5a-89f8-7efbd21626c5] INFO  o.eclipse.m2e.core.internal.Bundles - 	Entry: C:\Users\SUJAN\.p2\pool\plugins\org.eclipse.m2e.maven.runtime_3.9.1600.20260522-0510\jars\aopalliance-1.0.jar
2026-08-13 14:27:50,416 [Worker-21: Launching mavenrun-47631552-4a96-4a5a-89f8-7efbd21626c5] INFO  o.eclipse.m2e.core.internal.Bundles - 	Entry: C:\Users\SUJAN\.p2\pool\plugins\org.eclipse.m2e.maven.runtime_3.9.1600.20260522-0510\jars\asm-9.9.1.jar
2026-08-13 14:27:50,417 [Worker-21: Launching mavenrun-47631552-4a96-4a5a-89f8-7efbd21626c5] INFO  o.eclipse.m2e.core.internal.Bundles - 	Entry: C:\Users\SUJAN\.p2\pool\plugins\org.eclipse.m2e.maven.runtime_3.9.1600.20260522-0510\jars\error_prone_annotations-2.41.0.jar
2026-08-13 14:27:50,417 [Worker-21: Launching mavenrun-47631552-4a96-4a5a-89f8-7efbd21626c5] INFO  o.eclipse.m2e.core.internal.Bundles - 	Entry: C:\Users\SUJAN\.p2\pool\plugins\org.eclipse.m2e.maven.runtime_3.9.1600.20260522-0510\jars\gson-2.13.2.jar
2026-08-13 14:27:50,417 [Worker-21: Launching mavenrun-47631552-4a96-4a5a-89f8-7efbd21626c5] INFO  o.eclipse.m2e.core.internal.Bundles - 	Entry: C:\Users\SUJAN\.p2\pool\plugins\org.eclipse.m2e.maven.runtime_3.9.1600.20260522-0510\jars\guice-5.1.0-classes.jar
2026-08-13 14:27:50,417 [Worker-21: Launching mavenrun-47631552-4a96-4a5a-89f8-7efbd21626c5] INFO  o.eclipse.m2e.core.internal.Bundles - 	Entry: C:\Users\SUJAN\.p2\pool\plugins\org.eclipse.m2e.maven.runtime_3.9.1600.20260522-0510\jars\httpclient-4.5.14.jar
2026-08-13 14:27:50,417 [Worker-21: Launching mavenrun-47631552-4a96-4a5a-89f8-7efbd21626c5] INFO  o.eclipse.m2e.core.internal.Bundles - 	Entry: C:\Users\SUJAN\.p2\pool\plugins\org.eclipse.m2e.maven.runtime_3.9.1600.20260522-0510\jars\httpcore-4.4.16.jar
2026-08-13 14:27:50,417 [Worker-21: Launching mavenrun-47631552-4a96-4a5a-89f8-7efbd21626c5] INFO  o.eclipse.m2e.core.internal.Bundles - 	Entry: C:\Users\SUJAN\.p2\pool\plugins\org.eclipse.m2e.maven.runtime_3.9.1600.20260522-0510\jars\jansi-2.4.3.jar
2026-08-13 14:27:50,417 [Worker-21: Launching mavenrun-47631552-4a96-4a5a-89f8-7efbd21626c5] INFO  o.eclipse.m2e.core.internal.Bundles - 	Entry: C:\Users\SUJAN\.p2\pool\plugins\org.eclipse.m2e.maven.runtime_3.9.1600.20260522-0510\jars\jcl-over-slf4j-1.7.36.jar
2026-08-13 14:27:50,417 [Worker-21: Launching mavenrun-47631552-4a96-4a5a-89f8-7efbd21626c5] INFO  o.eclipse.m2e.core.internal.Bundles - 	Entry: C:\Users\SUJAN\.p2\pool\plugins\org.eclipse.m2e.maven.runtime_3.9.1600.20260522-0510\jars\maven-artifact-3.9.16.jar
2026-08-13 14:27:50,418 [Worker-21: Launching mavenrun-47631552-4a96-4a5a-89f8-7efbd21626c5] INFO  o.eclipse.m2e.core.internal.Bundles - 	Entry: C:\Users\SUJAN\.p2\pool\plugins\org.eclipse.m2e.maven.runtime_3.9.1600.20260522-0510\jars\maven-builder-support-3.9.16.jar
2026-08-13 14:27:50,418 [Worker-21: Launching mavenrun-47631552-4a96-4a5a-89f8-7efbd21626c5] INFO  o.eclipse.m2e.core.internal.Bundles - 	Entry: C:\Users\SUJAN\.p2\pool\plugins\org.eclipse.m2e.maven.runtime_3.9.1600.20260522-0510\jars\maven-compat-3.9.16.jar
2026-08-13 14:27:50,418 [Worker-21: Launching mavenrun-47631552-4a96-4a5a-89f8-7efbd21626c5] INFO  o.eclipse.m2e.core.internal.Bundles - 	Entry: C:\Users\SUJAN\.p2\pool\plugins\org.eclipse.m2e.maven.runtime_3.9.1600.20260522-0510\jars\maven-core-3.9.16.jar
2026-08-13 14:27:50,418 [Worker-21: Launching mavenrun-47631552-4a96-4a5a-89f8-7efbd21626c5] INFO  o.eclipse.m2e.core.internal.Bundles - 	Entry: C:\Users\SUJAN\.p2\pool\plugins\org.eclipse.m2e.maven.runtime_3.9.1600.20260522-0510\jars\maven-embedder-3.9.16.jar
2026-08-13 14:27:50,418 [Worker-21: Launching mavenrun-47631552-4a96-4a5a-89f8-7efbd21626c5] INFO  o.eclipse.m2e.core.internal.Bundles - 	Entry: C:\Users\SUJAN\.p2\pool\plugins\org.eclipse.m2e.maven.runtime_3.9.1600.20260522-0510\jars\maven-model-3.9.16.jar
2026-08-13 14:27:50,418 [Worker-21: Launching mavenrun-47631552-4a96-4a5a-89f8-7efbd21626c5] INFO  o.eclipse.m2e.core.internal.Bundles - 	Entry: C:\Users\SUJAN\.p2\pool\plugins\org.eclipse.m2e.maven.runtime_3.9.1600.20260522-0510\jars\maven-model-builder-3.9.16.jar
2026-08-13 14:27:50,418 [Worker-21: Launching mavenrun-47631552-4a96-4a5a-89f8-7efbd21626c5] INFO  o.eclipse.m2e.core.internal.Bundles - 	Entry: C:\Users\SUJAN\.p2\pool\plugins\org.eclipse.m2e.maven.runtime_3.9.1600.20260522-0510\jars\maven-plugin-api-3.9.16.jar
2026-08-13 14:27:50,419 [Worker-21: Launching mavenrun-47631552-4a96-4a5a-89f8-7efbd21626c5] INFO  o.eclipse.m2e.core.internal.Bundles - 	Entry: C:\Users\SUJAN\.p2\pool\plugins\org.eclipse.m2e.maven.runtime_3.9.1600.20260522-0510\jars\maven-repository-metadata-3.9.16.jar
2026-08-13 14:27:50,419 [Worker-21: Launching mavenrun-47631552-4a96-4a5a-89f8-7efbd21626c5] INFO  o.eclipse.m2e.core.internal.Bundles - 	Entry: C:\Users\SUJAN\.p2\pool\plugins\org.eclipse.m2e.maven.runtime_3.9.1600.20260522-0510\jars\maven-resolver-api-1.9.27.jar
2026-08-13 14:27:50,419 [Worker-21: Launching mavenrun-47631552-4a96-4a5a-89f8-7efbd21626c5] INFO  o.eclipse.m2e.core.internal.Bundles - 	Entry: C:\Users\SUJAN\.p2\pool\plugins\org.eclipse.m2e.maven.runtime_3.9.1600.20260522-0510\jars\maven-resolver-connector-basic-1.9.27.jar
2026-08-13 14:27:50,419 [Worker-21: Launching mavenrun-47631552-4a96-4a5a-89f8-7efbd21626c5] INFO  o.eclipse.m2e.core.internal.Bundles - 	Entry: C:\Users\SUJAN\.p2\pool\plugins\org.eclipse.m2e.maven.runtime_3.9.1600.20260522-0510\jars\maven-resolver-impl-1.9.27.jar
2026-08-13 14:27:50,419 [Worker-21: Launching mavenrun-47631552-4a96-4a5a-89f8-7efbd21626c5] INFO  o.eclipse.m2e.core.internal.Bundles - 	Entry: C:\Users\SUJAN\.p2\pool\plugins\org.eclipse.m2e.maven.runtime_3.9.1600.20260522-0510\jars\maven-resolver-named-locks-1.9.27.jar
2026-08-13 14:27:50,419 [Worker-21: Launching mavenrun-47631552-4a96-4a5a-89f8-7efbd21626c5] INFO  o.eclipse.m2e.core.internal.Bundles - 	Entry: C:\Users\SUJAN\.p2\pool\plugins\org.eclipse.m2e.maven.runtime_3.9.1600.20260522-0510\jars\maven-resolver-provider-3.9.16.jar
2026-08-13 14:27:50,419 [Worker-21: Launching mavenrun-47631552-4a96-4a5a-89f8-7efbd21626c5] INFO  o.eclipse.m2e.core.internal.Bundles - 	Entry: C:\Users\SUJAN\.p2\pool\plugins\org.eclipse.m2e.maven.runtime_3.9.1600.20260522-0510\jars\maven-resolver-spi-1.9.27.jar
2026-08-13 14:27:50,420 [Worker-21: Launching mavenrun-47631552-4a96-4a5a-89f8-7efbd21626c5] INFO  o.eclipse.m2e.core.internal.Bundles - 	Entry: C:\Users\SUJAN\.p2\pool\plugins\org.eclipse.m2e.maven.runtime_3.9.1600.20260522-0510\jars\maven-resolver-transport-file-1.9.27.jar
2026-08-13 14:27:50,420 [Worker-21: Launching mavenrun-47631552-4a96-4a5a-89f8-7efbd21626c5] INFO  o.eclipse.m2e.core.internal.Bundles - 	Entry: C:\Users\SUJAN\.p2\pool\plugins\org.eclipse.m2e.maven.runtime_3.9.1600.20260522-0510\jars\maven-resolver-transport-http-1.9.27.jar
2026-08-13 14:27:50,420 [Worker-21: Launching mavenrun-47631552-4a96-4a5a-89f8-7efbd21626c5] INFO  o.eclipse.m2e.core.internal.Bundles - 	Entry: C:\Users\SUJAN\.p2\pool\plugins\org.eclipse.m2e.maven.runtime_3.9.1600.20260522-0510\jars\maven-resolver-transport-wagon-1.9.27.jar
2026-08-13 14:27:50,420 [Worker-21: Launching mavenrun-47631552-4a96-4a5a-89f8-7efbd21626c5] INFO  o.eclipse.m2e.core.internal.Bundles - 	Entry: C:\Users\SUJAN\.p2\pool\plugins\org.eclipse.m2e.maven.runtime_3.9.1600.20260522-0510\jars\maven-resolver-util-1.9.27.jar
2026-08-13 14:27:50,420 [Worker-21: Launching mavenrun-47631552-4a96-4a5a-89f8-7efbd21626c5] INFO  o.eclipse.m2e.core.internal.Bundles - 	Entry: C:\Users\SUJAN\.p2\pool\plugins\org.eclipse.m2e.maven.runtime_3.9.1600.20260522-0510\jars\maven-settings-3.9.16.jar
2026-08-13 14:27:50,420 [Worker-21: Launching mavenrun-47631552-4a96-4a5a-89f8-7efbd21626c5] INFO  o.eclipse.m2e.core.internal.Bundles - 	Entry: C:\Users\SUJAN\.p2\pool\plugins\org.eclipse.m2e.maven.runtime_3.9.1600.20260522-0510\jars\maven-settings-builder-3.9.16.jar
2026-08-13 14:27:50,420 [Worker-21: Launching mavenrun-47631552-4a96-4a5a-89f8-7efbd21626c5] INFO  o.eclipse.m2e.core.internal.Bundles - 	Entry: C:\Users\SUJAN\.p2\pool\plugins\org.eclipse.m2e.maven.runtime_3.9.1600.20260522-0510\jars\maven-shared-utils-3.4.2.jar
2026-08-13 14:27:50,421 [Worker-21: Launching mavenrun-47631552-4a96-4a5a-89f8-7efbd21626c5] INFO  o.eclipse.m2e.core.internal.Bundles - 	Entry: C:\Users\SUJAN\.p2\pool\plugins\org.eclipse.m2e.maven.runtime_3.9.1600.20260522-0510\jars\org.eclipse.sisu.inject-1.0.0.jar
2026-08-13 14:27:50,421 [Worker-21: Launching mavenrun-47631552-4a96-4a5a-89f8-7efbd21626c5] INFO  o.eclipse.m2e.core.internal.Bundles - 	Entry: C:\Users\SUJAN\.p2\pool\plugins\org.eclipse.m2e.maven.runtime_3.9.1600.20260522-0510\jars\org.eclipse.sisu.plexus-1.0.0.jar
2026-08-13 14:27:50,421 [Worker-21: Launching mavenrun-47631552-4a96-4a5a-89f8-7efbd21626c5] INFO  o.eclipse.m2e.core.internal.Bundles - 	Entry: C:\Users\SUJAN\.p2\pool\plugins\org.eclipse.m2e.maven.runtime_3.9.1600.20260522-0510\jars\plexus-build-api-0.0.7.jar
2026-08-13 14:27:50,421 [Worker-21: Launching mavenrun-47631552-4a96-4a5a-89f8-7efbd21626c5] INFO  o.eclipse.m2e.core.internal.Bundles - 	Entry: C:\Users\SUJAN\.p2\pool\plugins\org.eclipse.m2e.maven.runtime_3.9.1600.20260522-0510\jars\plexus-build-api-1.2.0.jar
2026-08-13 14:27:50,421 [Worker-21: Launching mavenrun-47631552-4a96-4a5a-89f8-7efbd21626c5] INFO  o.eclipse.m2e.core.internal.Bundles - 	Entry: C:\Users\SUJAN\.p2\pool\plugins\org.eclipse.m2e.maven.runtime_3.9.1600.20260522-0510\jars\plexus-cipher-2.0.jar
2026-08-13 14:27:50,421 [Worker-21: Launching mavenrun-47631552-4a96-4a5a-89f8-7efbd21626c5] INFO  o.eclipse.m2e.core.internal.Bundles - 	Entry: C:\Users\SUJAN\.p2\pool\plugins\org.eclipse.m2e.maven.runtime_3.9.1600.20260522-0510\jars\plexus-classworlds-2.11.0.jar
2026-08-13 14:27:50,421 [Worker-21: Launching mavenrun-47631552-4a96-4a5a-89f8-7efbd21626c5] INFO  o.eclipse.m2e.core.internal.Bundles - 	Entry: C:\Users\SUJAN\.p2\pool\plugins\org.eclipse.m2e.maven.runtime_3.9.1600.20260522-0510\jars\plexus-component-annotations-2.2.0.jar
2026-08-13 14:27:50,421 [Worker-21: Launching mavenrun-47631552-4a96-4a5a-89f8-7efbd21626c5] INFO  o.eclipse.m2e.core.internal.Bundles - 	Entry: C:\Users\SUJAN\.p2\pool\plugins\org.eclipse.m2e.maven.runtime_3.9.1600.20260522-0510\jars\plexus-interpolation-1.29.jar
2026-08-13 14:27:50,422 [Worker-21: Launching mavenrun-47631552-4a96-4a5a-89f8-7efbd21626c5] INFO  o.eclipse.m2e.core.internal.Bundles - 	Entry: C:\Users\SUJAN\.p2\pool\plugins\org.eclipse.m2e.maven.runtime_3.9.1600.20260522-0510\jars\plexus-sec-dispatcher-2.0.jar
2026-08-13 14:27:50,422 [Worker-21: Launching mavenrun-47631552-4a96-4a5a-89f8-7efbd21626c5] INFO  o.eclipse.m2e.core.internal.Bundles - 	Entry: C:\Users\SUJAN\.p2\pool\plugins\org.eclipse.m2e.maven.runtime_3.9.1600.20260522-0510\jars\plexus-utils-3.6.1.jar
2026-08-13 14:27:50,422 [Worker-21: Launching mavenrun-47631552-4a96-4a5a-89f8-7efbd21626c5] INFO  o.eclipse.m2e.core.internal.Bundles - 	Entry: C:\Users\SUJAN\.p2\pool\plugins\org.eclipse.m2e.maven.runtime_3.9.1600.20260522-0510\jars\wagon-file-3.5.3.jar
2026-08-13 14:27:50,422 [Worker-21: Launching mavenrun-47631552-4a96-4a5a-89f8-7efbd21626c5] INFO  o.eclipse.m2e.core.internal.Bundles - 	Entry: C:\Users\SUJAN\.p2\pool\plugins\org.eclipse.m2e.maven.runtime_3.9.1600.20260522-0510\jars\wagon-http-3.5.3.jar
2026-08-13 14:27:50,422 [Worker-21: Launching mavenrun-47631552-4a96-4a5a-89f8-7efbd21626c5] INFO  o.eclipse.m2e.core.internal.Bundles - 	Entry: C:\Users\SUJAN\.p2\pool\plugins\org.eclipse.m2e.maven.runtime_3.9.1600.20260522-0510\jars\wagon-http-shared-3.5.3.jar
2026-08-13 14:27:50,422 [Worker-21: Launching mavenrun-47631552-4a96-4a5a-89f8-7efbd21626c5] INFO  o.eclipse.m2e.core.internal.Bundles - 	Entry: C:\Users\SUJAN\.p2\pool\plugins\org.eclipse.m2e.maven.runtime_3.9.1600.20260522-0510\jars\wagon-provider-api-3.5.3.jar
2026-08-13 14:27:50,424 [Worker-21: Launching mavenrun-47631552-4a96-4a5a-89f8-7efbd21626c5] INFO  o.eclipse.m2e.core.internal.Bundles - getClasspathEntries(Bundle=com.google.guava_33.6.0.jre [13])
2026-08-13 14:27:50,424 [Worker-21: Launching mavenrun-47631552-4a96-4a5a-89f8-7efbd21626c5] INFO  o.eclipse.m2e.core.internal.Bundles - 	Entry: C:\Users\SUJAN\.p2\pool\plugins\com.google.guava_33.6.0.jre.jar
2026-08-13 14:27:50,424 [Worker-21: Launching mavenrun-47631552-4a96-4a5a-89f8-7efbd21626c5] INFO  o.eclipse.m2e.core.internal.Bundles - getClasspathEntries(Bundle=slf4j.api_2.0.18 [532])
2026-08-13 14:27:50,425 [Worker-21: Launching mavenrun-47631552-4a96-4a5a-89f8-7efbd21626c5] INFO  o.eclipse.m2e.core.internal.Bundles - 	Entry: C:\Users\SUJAN\.p2\pool\plugins\slf4j.api_2.0.18.jar
2026-08-13 14:27:50,425 [Worker-21: Launching mavenrun-47631552-4a96-4a5a-89f8-7efbd21626c5] INFO  o.eclipse.m2e.core.internal.Bundles - getClasspathEntries(Bundle=jakarta.inject.jakarta.inject-api_1.0.5 [24])
2026-08-13 14:27:50,425 [Worker-21: Launching mavenrun-47631552-4a96-4a5a-89f8-7efbd21626c5] INFO  o.eclipse.m2e.core.internal.Bundles - 	Entry: C:\Users\SUJAN\.p2\pool\plugins\jakarta.inject.jakarta.inject-api_1.0.5.jar
2026-08-13 14:27:50,425 [Worker-21: Launching mavenrun-47631552-4a96-4a5a-89f8-7efbd21626c5] INFO  o.eclipse.m2e.core.internal.Bundles - getClasspathEntries(Bundle=jakarta.annotation-api_1.3.5 [22])
2026-08-13 14:27:50,426 [Worker-21: Launching mavenrun-47631552-4a96-4a5a-89f8-7efbd21626c5] INFO  o.eclipse.m2e.core.internal.Bundles - 	Entry: C:\Users\SUJAN\.p2\pool\plugins\jakarta.annotation-api_1.3.5.jar
2026-08-13 14:27:50,426 [Worker-21: Launching mavenrun-47631552-4a96-4a5a-89f8-7efbd21626c5] INFO  o.eclipse.m2e.core.internal.Bundles - getClasspathEntries(Bundle=org.apache.commons.cli_1.11.0 [55])
2026-08-13 14:27:50,426 [Worker-21: Launching mavenrun-47631552-4a96-4a5a-89f8-7efbd21626c5] INFO  o.eclipse.m2e.core.internal.Bundles - 	Entry: C:\Users\SUJAN\.p2\pool\plugins\org.apache.commons.cli_1.11.0.jar
2026-08-13 14:27:50,426 [Worker-21: Launching mavenrun-47631552-4a96-4a5a-89f8-7efbd21626c5] INFO  o.eclipse.m2e.core.internal.Bundles - getClasspathEntries(Bundle=org.apache.commons.commons-codec_1.22.0 [56])
2026-08-13 14:27:50,426 [Worker-21: Launching mavenrun-47631552-4a96-4a5a-89f8-7efbd21626c5] INFO  o.eclipse.m2e.core.internal.Bundles - 	Entry: C:\Users\SUJAN\.p2\pool\plugins\org.apache.commons.commons-codec_1.22.0.jar
2026-08-13 14:27:50,426 [Worker-21: Launching mavenrun-47631552-4a96-4a5a-89f8-7efbd21626c5] INFO  o.eclipse.m2e.core.internal.Bundles - getClasspathEntries(Bundle=com.google.guava.failureaccess_1.0.3 [14])
2026-08-13 14:27:50,427 [Worker-21: Launching mavenrun-47631552-4a96-4a5a-89f8-7efbd21626c5] INFO  o.eclipse.m2e.core.internal.Bundles - 	Entry: C:\Users\SUJAN\.p2\pool\plugins\com.google.guava.failureaccess_1.0.3.jar
2026-08-13 14:27:50,432 [Worker-21: Launching mavenrun-47631552-4a96-4a5a-89f8-7efbd21626c5] INFO  o.e.m.i.launch.MavenLaunchDelegate - Run build in "C:\Users\SUJAN\AppData\Local\Temp\m2e-archetypeGenerator8594722505957996654":
2026-08-13 14:27:50,440 [Worker-21: Launching mavenrun-47631552-4a96-4a5a-89f8-7efbd21626c5] INFO  o.e.m.i.launch.MavenLaunchDelegate -  mvn  -DarchetypeGroupId=org.apache.maven.archetypes -DarchetypeArtifactId=maven-archetype-archetype -DarchetypeVersion=1.5 -DgroupId=demo -DartifactId=com -Dversion=0.0.1-SNAPSHOT -Dpackage=demo.com -DoutputDirectory=C:\Users\SUJAN\Documents\Placements\Icanio\demo -Dstyle.color=always -U archetype:generate
2026-08-13 14:28:03,417 [Worker-7: Creating maven-archetype-archetype] INFO  o.e.m.c.i.p.ProjectConfigurationManager - Collecting project info '/pom.xml' C:\Users\SUJAN\Documents\Placements\Icanio\demo\com\pom.xml
2026-08-13 14:28:03,738 [Worker-7: Creating maven-archetype-archetype] INFO  o.e.m.c.i.e.AbstractTransferListenerAdapter - Downloading https://repo.maven.apache.org/maven2/org/apache/maven/archetype/archetype-packaging/3.2.0/archetype-packaging-3.2.0.pom
2026-08-13 14:28:03,767 [Worker-7: Creating maven-archetype-archetype] INFO  o.e.m.c.i.e.AbstractTransferListenerAdapter - Downloaded https://repo.maven.apache.org/maven2/org/apache/maven/archetype/archetype-packaging/3.2.0/archetype-packaging-3.2.0.pom
2026-08-13 14:28:03,856 [Worker-7: Creating maven-archetype-archetype] INFO  o.e.m.c.i.e.AbstractTransferListenerAdapter - Downloading https://repo.maven.apache.org/maven2/org/apache/maven/archetype/maven-archetype/3.2.0/maven-archetype-3.2.0.pom
2026-08-13 14:28:03,883 [Worker-7: Creating maven-archetype-archetype] INFO  o.e.m.c.i.e.AbstractTransferListenerAdapter - Downloaded https://repo.maven.apache.org/maven2/org/apache/maven/archetype/maven-archetype/3.2.0/maven-archetype-3.2.0.pom
2026-08-13 14:28:04,010 [Worker-7: Creating maven-archetype-archetype] INFO  o.e.m.c.i.e.AbstractTransferListenerAdapter - Downloading https://repo.maven.apache.org/maven2/org/apache/maven/archetype/archetype-packaging/3.2.0/archetype-packaging-3.2.0.jar
2026-08-13 14:28:04,073 [Worker-7: Creating maven-archetype-archetype] INFO  o.e.m.c.i.e.AbstractTransferListenerAdapter - Downloaded https://repo.maven.apache.org/maven2/org/apache/maven/archetype/archetype-packaging/3.2.0/archetype-packaging-3.2.0.jar
2026-08-13 14:28:04,554 [Worker-7: Creating maven-archetype-archetype] INFO  o.e.m.c.i.e.AbstractTransferListenerAdapter - Downloading https://repo.maven.apache.org/maven2/org/apache/maven/plugins/maven-archetype-plugin/3.2.0/maven-archetype-plugin-3.2.0.jar
2026-08-13 14:28:04,630 [Worker-7: Creating maven-archetype-archetype] INFO  o.e.m.c.i.e.AbstractTransferListenerAdapter - Downloaded https://repo.maven.apache.org/maven2/org/apache/maven/plugins/maven-archetype-plugin/3.2.0/maven-archetype-plugin-3.2.0.jar
2026-08-13 14:28:04,879 [Worker-7: Creating maven-archetype-archetype] INFO  o.e.m.c.i.l.LifecycleMappingFactory - Using DEFAULT lifecycle mapping for MavenProject: demo:com:0.0.1-SNAPSHOT @ C:\Users\SUJAN\Documents\Placements\Icanio\demo\com\pom.xml.
2026-08-13 14:28:04,975 [Worker-7: Creating maven-archetype-archetype] WARN  o.apache.maven.project.MavenProject - Plugin is modifying compileSourceRoots through clear(), which will not work in Maven 4.0.0. Use MavenProject.addCompileSourceRoot()/removeCompileSourceRoot() methods instead. If using a plugin, please upgrade to the latest version or report the issue to the plugin maintainer. To disable these warnings, set -Dmaven.project.sourceRoots.warningsDisabled=true on the command line, in the .mvn/maven.config file, or in project POM properties.
2026-08-13 14:28:04,976 [Worker-7: Creating maven-archetype-archetype] WARN  o.apache.maven.project.MavenProject - Plugin is modifying compileSourceRoots through add(), which will not work in Maven 4.0.0. Use MavenProject.addCompileSourceRoot()/removeCompileSourceRoot() methods instead. If using a plugin, please upgrade to the latest version or report the issue to the plugin maintainer. To disable these warnings, set -Dmaven.project.sourceRoots.warningsDisabled=true on the command line, in the .mvn/maven.config file, or in project POM properties.
2026-08-13 14:28:04,977 [Worker-7: Creating maven-archetype-archetype] WARN  o.apache.maven.project.MavenProject - Plugin is modifying testCompileSourceRoots through clear(), which will not work in Maven 4.0.0. Use MavenProject.addTestCompileSourceRoot()/removeTestCompileSourceRoot() methods instead. If using a plugin, please upgrade to the latest version or report the issue to the plugin maintainer. To disable these warnings, set -Dmaven.project.sourceRoots.warningsDisabled=true on the command line, in the .mvn/maven.config file, or in project POM properties.
2026-08-13 14:28:04,978 [Worker-7: Creating maven-archetype-archetype] WARN  o.apache.maven.project.MavenProject - Plugin is modifying testCompileSourceRoots through add(), which will not work in Maven 4.0.0. Use MavenProject.addTestCompileSourceRoot()/removeTestCompileSourceRoot() methods instead. If using a plugin, please upgrade to the latest version or report the issue to the plugin maintainer. To disable these warnings, set -Dmaven.project.sourceRoots.warningsDisabled=true on the command line, in the .mvn/maven.config file, or in project POM properties.
2026-08-13 14:28:04,988 [Worker-7: Creating maven-archetype-archetype] INFO  o.e.m.c.i.p.ProjectConfigurationManager - Imported and configured 1 project(s) in 1 sec
2026-08-13 14:28:05,880 [Worker-34: Building] INFO  o.a.m.s.f.DefaultMavenResourcesFiltering - Copying 4 resources from src\main\resources to target\classes
2026-08-13 14:28:05,900 [Worker-34: Building] INFO  o.a.m.s.f.DefaultMavenResourcesFiltering - Copying 2 resources from src\test\resources to target\test-classes
2026-08-13 14:28:05,904 [Worker-34: Building] WARN  o.apache.maven.project.MavenProject - Plugin is modifying compileSourceRoots through clear(), which will not work in Maven 4.0.0. Use MavenProject.addCompileSourceRoot()/removeCompileSourceRoot() methods instead. If using a plugin, please upgrade to the latest version or report the issue to the plugin maintainer. To disable these warnings, set -Dmaven.project.sourceRoots.warningsDisabled=true on the command line, in the .mvn/maven.config file, or in project POM properties.
2026-08-13 14:28:05,904 [Worker-34: Building] WARN  o.apache.maven.project.MavenProject - Plugin is modifying compileSourceRoots through add(), which will not work in Maven 4.0.0. Use MavenProject.addCompileSourceRoot()/removeCompileSourceRoot() methods instead. If using a plugin, please upgrade to the latest version or report the issue to the plugin maintainer. To disable these warnings, set -Dmaven.project.sourceRoots.warningsDisabled=true on the command line, in the .mvn/maven.config file, or in project POM properties.
2026-08-13 14:28:05,905 [Worker-34: Building] WARN  o.apache.maven.project.MavenProject - Plugin is modifying testCompileSourceRoots through clear(), which will not work in Maven 4.0.0. Use MavenProject.addTestCompileSourceRoot()/removeTestCompileSourceRoot() methods instead. If using a plugin, please upgrade to the latest version or report the issue to the plugin maintainer. To disable these warnings, set -Dmaven.project.sourceRoots.warningsDisabled=true on the command line, in the .mvn/maven.config file, or in project POM properties.
2026-08-13 14:28:05,905 [Worker-34: Building] WARN  o.apache.maven.project.MavenProject - Plugin is modifying testCompileSourceRoots through add(), which will not work in Maven 4.0.0. Use MavenProject.addTestCompileSourceRoot()/removeTestCompileSourceRoot() methods instead. If using a plugin, please upgrade to the latest version or report the issue to the plugin maintainer. To disable these warnings, set -Dmaven.project.sourceRoots.warningsDisabled=true on the command line, in the .mvn/maven.config file, or in project POM properties.
2026-08-14 09:37:03,032 [Worker-2: Loading available Gradle versions] INFO  o.e.b.c.i.u.g.PublishedGradleVersions - Gradle version information cache is up-to-date. Trying to read.
2026-08-14 10:03:32,775 [Worker-2: Loading available Gradle versions] INFO  o.e.b.c.i.u.g.PublishedGradleVersions - Gradle version information cache is up-to-date. Trying to read.
2026-08-14 11:04:47,087 [Worker-5: Loading available Gradle versions] INFO  o.e.b.c.i.u.g.PublishedGradleVersions - Gradle version information cache is up-to-date. Trying to read.
2026-08-17 09:29:09,886 [Worker-6: Loading available Gradle versions] INFO  o.e.b.c.i.u.g.PublishedGradleVersions - Gradle version information cache is out-of-date. Trying to update.
2026-08-17 11:37:12,962 [Worker-5: Loading available Gradle versions] INFO  o.e.b.c.i.u.g.PublishedGradleVersions - Gradle version information cache is up-to-date. Trying to read.
2026-08-17 14:25:22,654 [Worker-2: Loading available Gradle versions] INFO  o.e.b.c.i.u.g.PublishedGradleVersions - Gradle version information cache is up-to-date. Trying to read.
2026-08-18 10:03:14,969 [Worker-2: Loading available Gradle versions] INFO  o.e.b.c.i.u.g.PublishedGradleVersions - Gradle version information cache is out-of-date. Trying to update.
2026-08-18 13:40:54,097 [Worker-2: Loading available Gradle versions] INFO  o.e.b.c.i.u.g.PublishedGradleVersions - Gradle version information cache is up-to-date. Trying to read.
